# hmmsearch :: search profile(s) against a sequence database
# HMMER 3.1b2 (February 2015); http://hmmer.org/
# Copyright (C) 2015 Howard Hughes Medical Institute.
# Freely distributed under the GNU General Public License (GPLv3).
# - - - - - - - - - - - - - - - - - - - - - - - - - - - - - - - - - - - -
# query HMM file:                  tests/data/data_set/models/set_1/profiles/MSH_mshB.hmm
# target sequence database:        tests/data/base/VICH001.B.00001.C001.prt
# output directed to file:         results/hmmer_results/MSH_mshB.search_hmm.out
# sequence reporting threshold:    E-value <= 0.1
# number of worker threads:        0
# - - - - - - - - - - - - - - - - - - - - - - - - - - - - - - - - - - - -

Query:       MSH_mshB  [M=70]
Scores for complete sequences (score includes all domains):
   --- full sequence ---   --- best 1 domain ---    -#dom-
    E-value  score  bias    E-value  score  bias    exp  N  Sequence                   Description
    ------- ------ -----    ------- ------ -----   ---- --  --------                   -----------
    1.6e-35  118.5   0.4    1.6e-35  118.5   0.4    1.5  2  VICH001.B.00001.C001_00415  D ATG TAA 434833 435423 Valid VC0
    1.2e-21   74.0   1.2    2.5e-21   73.0   1.2    1.5  1  VICH001.B.00001.C001_00416  D ATG TAA 435449 435985 Valid VC0
    6.8e-19   65.2   1.1    9.8e-19   64.7   1.1    1.2  1  VICH001.B.00001.C001_00512  C ATG TAA 534198 534722 Valid VC0
    1.1e-09   35.7   2.7    1.2e-09   35.5   0.4    2.2  2  VICH001.B.00001.C001_00417  D ATG TAA 436022 436510 Valid VC0
    2.2e-09   34.7   3.0    5.7e-09   33.4   3.0    1.9  1  VICH001.B.00001.C001_02305  D ATG TAA 2597151 2597654 Valid V
    2.9e-08   31.2   0.4    3.9e-08   30.7   0.4    1.2  1  VICH001.B.00001.C001_02598  C ATG TAA 2901967 2902407 Valid V
    8.4e-08   29.7   0.1    2.5e-07   28.1   0.0    1.8  2  VICH001.B.00001.C001_00850  C ATG TAA 923726 924169 Valid VC0
      1e-05   23.0   0.4    1.8e-05   22.2   0.4    1.4  1  VICH001.B.00001.C001_00418  D ATG TGA 436458 437069 Valid VC0
    1.3e-05   22.6   0.1    2.4e-05   21.8   0.1    1.4  1  VICH001.B.00001.C001_00851  D TTG TAA 924224 924778 Valid VC0
    0.00012   19.6   0.8    0.00026   18.5   0.8    1.7  1  VICH001.B.00001.C001_00419  D ATG TAA 437069 437839 Valid VC0
    0.00083   16.9   0.7     0.0015   16.1   0.7    1.4  1  VICH001.B.00001.C001_02597  C ATG TAA 2901349 2901933 Valid V


Domain annotation for each sequence (and alignments):
>> VICH001.B.00001.C001_00415  D ATG TAA 434833 435423 Valid VC0408 591 @NP_230062.1@ VC0408 1 434833 435423 | MSHA pili
   #    score  bias  c-Evalue  i-Evalue hmmfrom  hmm to    alifrom  ali to    envfrom  env to     acc
 ---   ------ ----- --------- --------- ------- -------    ------- -------    ------- -------    ----
   1 !  118.5   0.4   7.1e-38   1.6e-35       1      70 []      18      93 ..      18      93 .. 0.97
   2 ?   -3.1   0.1       6.3   1.5e+03      41      55 ..     159     173 ..     146     183 .. 0.54

  Alignments for each domain:
  == domain 1  score: 118.5 bits;  conditional E-value: 7.1e-38
                    MSH_mshB  1 rGftLiElviVivvlGlLavlAlprfldltdeakkasvegvagglatavalaraqweaegrtst......tvlldG 70
                                +Gf+L+ElviVivv+GlLav+Alprfld+tdeakkas+egvagg+at+v++araqwea++r++       ++++dG
  VICH001.B.00001.C001_00415 18 QGFSLVELVIVIVVVGLLAVAALPRFLDVTDEAKKASIEGVAGGFATGVLSARAQWEAQARPTLtannypSINYDG 93
                                6*************************************************************99899999999998 PP

  == domain 2  score: -3.1 bits;  conditional E-value: 6.3
                    MSH_mshB  41 vagglatavalaraq 55 
                                  a + ++a++  +aq
  VICH001.B.00001.C001_00415 159 SAKANSGAATCTYAQ 173
                                 334444455555555 PP

>> VICH001.B.00001.C001_00416  D ATG TAA 435449 435985 Valid VC0409 537 @NP_230063.1@ VC0409 1 435449 435985 | MSHA pili
   #    score  bias  c-Evalue  i-Evalue hmmfrom  hmm to    alifrom  ali to    envfrom  env to     acc
 ---   ------ ----- --------- --------- ------- -------    ------- -------    ------- -------    ----
   1 !   73.0   1.2   1.1e-23   2.5e-21       2      62 ..       9      69 ..       8      79 .. 0.93

  Alignments for each domain:
  == domain 1  score: 73.0 bits;  conditional E-value: 1.1e-23
                    MSH_mshB  2 GftLiElviVivvlGlLavlAlprfldltdeakkasvegvagglatavalaraqweaegrt 62
                                GftLiElv+Viv+lG+Lav+A prfl+l+ +a++as+eg+ g++a+a+++++++  ++g +
  VICH001.B.00001.C001_00416  9 GFTLIELVVVIVILGILAVTAAPRFLNLQGDAREASLEGLRGAVAGAMGISYGRAAIKGIE 69
                                9************************************************999988887765 PP

>> VICH001.B.00001.C001_00512  C ATG TAA 534198 534722 Valid VC0502 525 @NP_230153.1@ VC0502 1 534198 534722 | type IV p
   #    score  bias  c-Evalue  i-Evalue hmmfrom  hmm to    alifrom  ali to    envfrom  env to     acc
 ---   ------ ----- --------- --------- ------- -------    ------- -------    ------- -------    ----
   1 !   64.7   1.1   4.2e-21   9.8e-19       1      62 [.       5      66 ..       5      76 .. 0.94

  Alignments for each domain:
  == domain 1  score: 64.7 bits;  conditional E-value: 4.2e-21
                    MSH_mshB  1 rGftLiElviVivvlGlLavlAlprfldltdeakkasvegvagglatavalaraqweaegrt 62
                                +GftLiEl+i iv+lG++av+A prf+++ ++ak+ ++  va+g+++a++l ++q  +eg+ 
  VICH001.B.00001.C001_00512  5 QGFTLIELIIAIVILGVIAVIAAPRFINISKDAKANTMLSVAAGMESALTLLHSQALIEGQD 66
                                6*********************************************************9975 PP

>> VICH001.B.00001.C001_00417  D ATG TAA 436022 436510 Valid VC0410 489 @NP_230064.1@ VC0410 1 436022 436510 | MSHA pili
   #    score  bias  c-Evalue  i-Evalue hmmfrom  hmm to    alifrom  ali to    envfrom  env to     acc
 ---   ------ ----- --------- --------- ------- -------    ------- -------    ------- -------    ----
   1 !   35.5   0.4   5.4e-12   1.2e-09       1      27 [.       6      32 ..       6      58 .. 0.92
   2 ?   -0.5   0.1      0.99   2.3e+02      36      64 ..     102     130 ..      99     141 .. 0.76

  Alignments for each domain:
  == domain 1  score: 35.5 bits;  conditional E-value: 5.4e-12
                    MSH_mshB  1 rGftLiElviVivvlGlLavlAlprfl 27
                                +GftLiElv+Vi++lG+L + A  rfl
  VICH001.B.00001.C001_00417  6 KGFTLIELVVVIILLGILSAYAASRFL 32
                                6*************************9 PP

  == domain 2  score: -0.5 bits;  conditional E-value: 0.99
                    MSH_mshB  36 asvegvagglatavalaraqweaegrtst 64 
                                 a v gva +la++ + ++  +   gr+++
  VICH001.B.00001.C001_00417 102 AAVSGVALSLAGSGGASFLDFDSLGRATQ 130
                                 78889999998888887777777777776 PP

>> VICH001.B.00001.C001_02305  D ATG TAA 2597151 2597654 Valid VC2423 504 @NP_232053.1@ VC2423 1 2597151 2597654 | fimbr
   #    score  bias  c-Evalue  i-Evalue hmmfrom  hmm to    alifrom  ali to    envfrom  env to     acc
 ---   ------ ----- --------- --------- ------- -------    ------- -------    ------- -------    ----
   1 !   33.4   3.0   2.5e-11   5.7e-09       1      28 [.      24      51 ..      24      95 .. 0.91

  Alignments for each domain:
  == domain 1  score: 33.4 bits;  conditional E-value: 2.5e-11
                    MSH_mshB  1 rGftLiElviVivvlGlLavlAlprfld 28
                                +GftLiEl iV++v+G+La++A+p++ +
  VICH001.B.00001.C001_02305 24 KGFTLIELMIVVAVIGVLAAIAIPQYQN 51
                                6************************976 PP

>> VICH001.B.00001.C001_02598  C ATG TAA 2901967 2902407 Valid VC2730 441 @NP_232357.1@ VC2730 1 2901967 2902407 | gener
   #    score  bias  c-Evalue  i-Evalue hmmfrom  hmm to    alifrom  ali to    envfrom  env to     acc
 ---   ------ ----- --------- --------- ------- -------    ------- -------    ------- -------    ----
   1 !   30.7   0.4   1.7e-10   3.9e-08       1      35 [.       8      42 ..       8      62 .. 0.81

  Alignments for each domain:
  == domain 1  score: 30.7 bits;  conditional E-value: 1.7e-10
                    MSH_mshB  1 rGftLiElviVivvlGlLavlAlprfldltdeakk 35
                                +GftL+E+ +V+v+lG+La + +p +l  ++ a +
  VICH001.B.00001.C001_02598  8 TGFTLLEVMVVVVILGILASFVVPNLLGNKEKADQ 42
                                5************************9987776654 PP

>> VICH001.B.00001.C001_00850  C ATG TAA 923726 924169 Valid VC0857 444 @NP_230504.1@ VC0857 1 923726 924169 | fimbrial 
   #    score  bias  c-Evalue  i-Evalue hmmfrom  hmm to    alifrom  ali to    envfrom  env to     acc
 ---   ------ ----- --------- --------- ------- -------    ------- -------    ------- -------    ----
   1 !   28.1   0.0   1.1e-09   2.5e-07       1      32 [.      17      48 ..      17      60 .. 0.84
   2 ?   -1.3   0.0       1.7   3.9e+02      26      46 ..      88     108 ..      74     118 .. 0.66

  Alignments for each domain:
  == domain 1  score: 28.1 bits;  conditional E-value: 1.1e-09
                    MSH_mshB  1 rGftLiElviVivvlGlLavlAlprfldltde 32
                                +G+tLiEl i +v++G+La +A p + +  +e
  VICH001.B.00001.C001_00850 17 QGMTLIELMIAVVIVGVLASIAYPAYTNYVKE 48
                                69**********************99986555 PP

  == domain 2  score: -1.3 bits;  conditional E-value: 1.7
                    MSH_mshB  26 fldltdeakkasvegvaggla 46 
                                 f +++ +  k+ ve  a ++a
  VICH001.B.00001.C001_00850  88 FCSVDSDRYKIVVETAATSYA 108
                                 556666666666666666655 PP

>> VICH001.B.00001.C001_00418  D ATG TGA 436458 437069 Valid VC0411 612 @NP_230065.1@ VC0411 1 436458 437069 | MSHA pili
   #    score  bias  c-Evalue  i-Evalue hmmfrom  hmm to    alifrom  ali to    envfrom  env to     acc
 ---   ------ ----- --------- --------- ------- -------    ------- -------    ------- -------    ----
   1 !   22.2   0.4   7.9e-08   1.8e-05       1      18 [.      24      41 ..      24      62 .. 0.89

  Alignments for each domain:
  == domain 1  score: 22.2 bits;  conditional E-value: 7.9e-08
                    MSH_mshB  1 rGftLiElviVivvlGlL 18
                                rGftL+E++iVivvlG+ 
  VICH001.B.00001.C001_00418 24 RGFTLVEMIIVIVVLGVA 41
                                7***************74 PP

>> VICH001.B.00001.C001_00851  D TTG TAA 924224 924778 Valid VC0858 555 @NP_230505.1@ VC0858 1 924224 924778 | type IV p
   #    score  bias  c-Evalue  i-Evalue hmmfrom  hmm to    alifrom  ali to    envfrom  env to     acc
 ---   ------ ----- --------- --------- ------- -------    ------- -------    ------- -------    ----
   1 !   21.8   0.1     1e-07   2.4e-05       1      38 [.      17      54 ..      17      73 .. 0.90

  Alignments for each domain:
  == domain 1  score: 21.8 bits;  conditional E-value: 1e-07
                    MSH_mshB  1 rGftLiElviVivvlGlLavlAlprfldltdeakkasv 38
                                rGftL+El i ++vl  +  +A p f ++ ++ k  ++
  VICH001.B.00001.C001_00851 17 RGFTLLELLITVAVLTTMLLFAAPNFSKVSQQTKMTNL 54
                                7*******************************998876 PP

>> VICH001.B.00001.C001_00419  D ATG TAA 437069 437839 Valid VC0412 771 @NP_230066.1@ VC0412 1 437069 437839 | hypotheti
   #    score  bias  c-Evalue  i-Evalue hmmfrom  hmm to    alifrom  ali to    envfrom  env to     acc
 ---   ------ ----- --------- --------- ------- -------    ------- -------    ------- -------    ----
   1 !   18.5   0.8   1.1e-06   0.00026       1      18 [.       3      20 ..       3      46 .. 0.91

  Alignments for each domain:
  == domain 1  score: 18.5 bits;  conditional E-value: 1.1e-06
                    MSH_mshB  1 rGftLiElviVivvlGlL 18
                                rGftLiE+vi i++lG+ 
  VICH001.B.00001.C001_00419  3 RGFTLIEMVITIILLGIV 20
                                7***************96 PP

>> VICH001.B.00001.C001_02597  C ATG TAA 2901349 2901933 Valid VC2729 585 @NP_232356.1@ VC2729 1 2901349 2901933 | gener
   #    score  bias  c-Evalue  i-Evalue hmmfrom  hmm to    alifrom  ali to    envfrom  env to     acc
 ---   ------ ----- --------- --------- ------- -------    ------- -------    ------- -------    ----
   1 !   16.1   0.7   6.4e-06    0.0015       1      35 [.       5      40 ..       5      45 .. 0.92

  Alignments for each domain:
  == domain 1  score: 16.1 bits;  conditional E-value: 6.4e-06
                    MSH_mshB  1 rGftLiElviVivvlGlLavlAlprf.ldltdeakk 35
                                rGftL+E+ +V+v++   av+ +  f ++++deak 
  VICH001.B.00001.C001_02597  5 RGFTLLEILLVLVLVSASAVAVIATFpVSVKDEAKI 40
                                7***********************99889****985 PP



Internal pipeline statistics summary:
-------------------------------------
Query model(s):                              1  (70 nodes)
Target sequences:                         2528  (843509 residues searched)
Passed MSV filter:                       141  (0.0557753); expected 50.6 (0.02)
Passed bias filter:                       87  (0.0344146); expected 50.6 (0.02)
Passed Vit filter:                        20  (0.00791139); expected 2.5 (0.001)
Passed Fwd filter:                        11  (0.00435127); expected 0.0 (1e-05)
Initial search space (Z):               2528  [actual number of targets]
Domain search space  (domZ):              11  [number of targets reported over threshold]
# CPU time: 0.00u 0.00s 00:00:00.00 Elapsed: 00:00:00.01
# Mc/sec: 5904.56
//
[ok]
