# hmmsearch :: search profile(s) against a sequence database
# HMMER 3.3.2 (Nov 2020); http://hmmer.org/
# Copyright (C) 2020 Howard Hughes Medical Institute.
# Freely distributed under the BSD open source license.
# - - - - - - - - - - - - - - - - - - - - - - - - - - - - - - - - - - - -
# query HMM file:                  /home/bneron/Projects/GEM/macsyfinder/src/macsyfinder/tests/data/models/TFF-SF/profiles/T2SS_gspJ.hmm
# target sequence database:        tests/data/base/gembase_w_slow_genome.fa
# output directed to file:         functional_test_timeout/hmmer_results/T2SS_gspJ.search_hmm.out
# sequence reporting threshold:    E-value <= 0.1
# number of worker threads:        1
# - - - - - - - - - - - - - - - - - - - - - - - - - - - - - - - - - - - -

Query:       T2SS_gspJ  [M=92]
Scores for complete sequences (score includes all domains):
   --- full sequence ---   --- best 1 domain ---    -#dom-
    E-value  score  bias    E-value  score  bias    exp  N  Sequence                      Description
    ------- ------ -----    ------- ------ -----   ---- --  --------                      -----------
      2e-13   49.9   1.3    3.3e-13   49.2   1.3    1.3  1  XAOR001.0321.00001.C001_03017  C ATG TGA 3454695 3455330 Valid 
    5.9e-11   42.0   0.4    9.3e-11   41.3   0.4    1.3  1  PSAV001.0321.00001.C001_02327  D ATG TGA 2505509 2506141 Valid 
    2.9e-10   39.7   0.0    4.8e-10   39.0   0.0    1.3  1  THHY002.0321.00001.C001_01416  C TTG TAA 1540313 1540942 Valid 
      1e-09   37.9   0.0    1.6e-09   37.4   0.0    1.3  1  THHY002.0321.00001.C001_01294  D TTG TAG 1414273 1415034 Valid 
    8.1e-09   35.1   0.3    1.9e-08   33.9   0.0    1.8  1  XAOR001.0321.00001.C001_00877  D ATG TAG 922302 922751 Valid EY
    8.8e-09   35.0   0.5    1.4e-08   34.4   0.5    1.3  1  PSAV001.0321.00001.C001_00882  D ATG TAA 935774 936172 Valid BK
    1.1e-08   34.7   0.1    1.4e-08   34.3   0.1    1.2  1  THHY002.0321.00001.C001_01417  C ATG TAA 1540926 1541336 Valid 
    1.3e-08   34.5   1.4    2.8e-08   33.4   1.4    1.6  1  XAOR001.0321.00001.C001_00872  D ATG TGA 915694 916209 Valid EY
    1.7e-07   30.9   1.2    2.1e-07   30.6   1.2    1.4  1  THHY002.0321.00001.C001_00028  D ATG TAA 32193 32579 Valid TTHT
    5.4e-07   29.3   0.6    8.2e-07   28.7   0.6    1.4  1  PSAV001.0321.00001.C001_01021  D ATG TAA 1065006 1065434 Valid 
    5.7e-07   29.2   0.4    8.6e-07   28.6   0.4    1.4  1  XAOR001.0321.00001.C001_02933  C ATG TAA 3374528 3374941 Valid 
    1.2e-06   28.2   0.9    1.6e-06   27.7   0.9    1.4  1  PSAV001.0321.00001.C001_00876  C ATG TAA 929749 930249 Valid BK
    3.2e-06   26.8   0.2    4.7e-06   26.2   0.2    1.3  1  THHY002.0321.00001.C001_00026  C ATG TAA 31001 31453 Valid TTHT
    3.4e-06   26.7   0.1    5.5e-06   26.0   0.1    1.4  1  THHY002.0321.00001.C001_00878  D GTG TAA 958592 959047 Valid TT
    3.7e-06   26.6   0.2    6.4e-06   25.8   0.2    1.4  1  PSAV001.0321.00001.C001_00877  D ATG TGA 930381 930863 Valid BK
    7.3e-06   25.6   0.2    1.1e-05   25.1   0.2    1.3  1  XAOR001.0321.00001.C001_03018  C ATG TGA 3455327 3455743 Valid 
    1.8e-05   24.4   0.1    3.9e-05   23.3   0.1    1.5  1  XAOR001.0321.00001.C001_00874  D ATG TGA 916679 917845 Valid EY
    2.4e-05   24.0   0.1    3.4e-05   23.5   0.1    1.3  1  THHY002.0321.00001.C001_01418  C ATG TAG 1541339 1541788 Valid 
    2.9e-05   23.7   2.1    3.5e-05   23.5   1.8    1.5  1  PSAV001.0321.00001.C001_02326  D ATG TGA 2505129 2505512 Valid 
      3e-05   23.7   0.1    4.9e-05   23.0   0.1    1.4  1  XAOR001.0321.00001.C001_00873  D ATG TGA 916206 916682 Valid pi
    3.5e-05   23.5   1.1    5.3e-05   22.9   1.1    1.3  1  THHY002.0321.00001.C001_00025  C GTG TAA 30526 30996 Valid TTHT
    3.6e-05   23.4   0.2      5e-05   23.0   0.2    1.2  1  THHY002.0321.00001.C001_01419  C ATG TAA 1541730 1542152 Valid 
    5.9e-05   22.7   0.2    8.8e-05   22.2   0.2    1.3  1  PSAV001.0321.00001.C001_02324  D ATG TAA 2504255 2504686 Valid 
    7.2e-05   22.4   0.3     0.0001   22.0   0.3    1.3  1  THHY002.0321.00001.C001_01293  D ATG TAA 1413786 1414298 Valid 
    9.6e-05   22.0   2.0    0.00013   21.6   2.0    1.4  1  THHY002.0321.00001.C001_01165  D ATG TAA 1268504 1268938 Valid 
    0.00017   21.2   0.9    0.00036   20.2   0.9    1.5  1  THHY002.0321.00001.C001_02023  D ATG TGA 2184914 2186026 Valid 
     0.0002   21.0   2.1    0.00034   20.3   1.9    1.6  1  PSAV001.0321.00001.C001_00878  D ATG TGA 930853 931368 Valid pi
    0.00022   20.9   0.2    0.00039   20.1   0.0    1.5  1  THHY002.0321.00001.C001_01703  C ATG TAA 1833845 1834354 Valid 
    0.00031   20.4   1.9     0.0005   19.7   1.9    1.3  1  PSAV001.0321.00001.C001_02325  D ATG TAA 2504695 2505129 Valid 
    0.00045   19.9   1.6    0.00072   19.2   1.6    1.3  1  THHY002.0321.00001.C001_02026  D ATG TAG 2190358 2191056 Valid 
     0.0006   19.5   3.7    0.00098   18.8   3.7    1.6  1  THHY002.0321.00001.C001_02022  D ATG TAA 2184550 2184942 Valid 
     0.0012   18.5   1.2     0.0023   17.6   1.2    1.4  1  PSAV001.0321.00001.C001_00879  D ATG TGA 931365 932072 Valid BK
  ------ inclusion threshold ------
      0.014   15.1   0.3      0.027   14.2   0.3    1.5  1  THHY002.0321.00001.C001_01292  D ATG TAG 1413335 1413796 Valid 
      0.029   14.1   3.4      0.053   13.3   3.5    1.5  1  THHY002.0321.00001.C001_00220  D ATG TAA 238980 239375 Valid TT
       0.06   13.1   0.5       0.11   12.3   0.5    1.4  1  XAOR001.0321.00001.C001_00879  C ATG TAA 922928 923470 Valid EY


Domain annotation for each sequence (and alignments):
>> XAOR001.0321.00001.C001_03017  C ATG TGA 3454695 3455330 Valid EYR27_RS15845 636 @WP_019302121.1@ EYR27_RS15845 1 345
   #    score  bias  c-Evalue  i-Evalue hmmfrom  hmm to    alifrom  ali to    envfrom  env to     acc
 ---   ------ ----- --------- --------- ------- -------    ------- -------    ------- -------    ----
   1 !   49.2   1.3     1e-15   3.3e-13       1      87 [.       7      93 ..       7      97 .. 0.85

  Alignments for each domain:
  == domain 1  score: 49.2 bits;  conditional E-value: 1e-15
                      T2SS_gspJ  1 rGFTLiEvliAlailallavaafqvlssvlradersrdkserlqelqralrllerdlsqaalrrsrneegsaa...lvaesg 79
                                   +GFTLiEvl+A ++l   +++af++l+s+  +++r+++ ++r++++++++++l+r l+ a +  +  +++s +   +    g
  XAOR001.0321.00001.C001_03017  7 AGFTLIEVLLATMLLVGGLALAFATLRSASAVSQRGEAIAQRSERVRAVEEFLRRRLAAALPIAMGIDTQSQQpilF---IG 85
                                   6*********************************************************9988777555555444344...56 PP

                      T2SS_gspJ 80 eddgllft 87
                                   e + l f+
  XAOR001.0321.00001.C001_03017 86 EPQRLRFA 93
                                   66666665 PP

>> PSAV001.0321.00001.C001_02327  D ATG TGA 2505509 2506141 Valid BKM03_RS12445 633 @WP_005618916.1@ BKM03_RS12445 1 250
   #    score  bias  c-Evalue  i-Evalue hmmfrom  hmm to    alifrom  ali to    envfrom  env to     acc
 ---   ------ ----- --------- --------- ------- -------    ------- -------    ------- -------    ----
   1 !   41.3   0.4     3e-13   9.3e-11       2      86 ..       7      90 ..       6      97 .. 0.87

  Alignments for each domain:
  == domain 1  score: 41.3 bits;  conditional E-value: 3e-13
                      T2SS_gspJ  2 GFTLiEvliAlailallavaafqvlssvlradersrdkserlqelqralrllerdlsqaalrrsrneegsaa.lvaesgedd 82
                                   GFTL+Evl+++ +l++l+v++ ++l  ++ra  + ++ +  l e ++a ++l++ +sqa +  +  e+  ++ ++  +g ++
  PSAV001.0321.00001.C001_02327  7 GFTLLEVLLVISLLGVLLVLVAGALLGANRAVLKAERYTVNLDETRAAQAFLRSSISQALPLDTSAEDDVNSgFF--EGSAQ 86
                                   9***********************************************************999988888777754..44444 PP

                      T2SS_gspJ 83 gllf 86
                                    l f
  PSAV001.0321.00001.C001_02327 87 QLRF 90
                                   4444 PP

>> THHY002.0321.00001.C001_01416  C TTG TAA 1540313 1540942 Valid TTHT_RS07085 630 @WP_201327275.1@ TTHT_RS07085 1 15403
   #    score  bias  c-Evalue  i-Evalue hmmfrom  hmm to    alifrom  ali to    envfrom  env to     acc
 ---   ------ ----- --------- --------- ------- -------    ------- -------    ------- -------    ----
   1 !   39.0   0.0   1.5e-12   4.8e-10       1      86 [.       6      87 ..       6      89 .. 0.88

  Alignments for each domain:
  == domain 1  score: 39.0 bits;  conditional E-value: 1.5e-12
                      T2SS_gspJ  1 rGFTLiEvliAlailallavaafqvlssvlradersrdkserlqelqralrllerdlsqaalrrsrneegsaalvaesgedd 82
                                   +GFTL+E++iA+ai ++++v +fq++  v+ ++++ +d+ ++  ++     ll + l   ++ ++ ++ ++ +    +g++d
  THHY002.0321.00001.C001_01416  6 KGFTLVELIIAIAITGIITVTIFQIFGGVVLNWKKAEDRMSQNYKINNLYILLSKKLDELYQYKAVKDPEKYF----DGQED 83
                                   7********************************************************9999988866655543....67777 PP

                      T2SS_gspJ 83 gllf 86
                                    +lf
  THHY002.0321.00001.C001_01416 84 SILF 87
                                   6666 PP

>> THHY002.0321.00001.C001_01294  D TTG TAG 1414273 1415034 Valid TTHT_RS06475 762 @WP_201327163.1@ TTHT_RS06475 1 14142
   #    score  bias  c-Evalue  i-Evalue hmmfrom  hmm to    alifrom  ali to    envfrom  env to     acc
 ---   ------ ----- --------- --------- ------- -------    ------- -------    ------- -------    ----
   1 !   37.4   0.0   5.1e-12   1.6e-09       2      69 ..      10      77 ..       9      99 .. 0.93

  Alignments for each domain:
  == domain 1  score: 37.4 bits;  conditional E-value: 5.1e-12
                      T2SS_gspJ  2 GFTLiEvliAlailallavaafqvlssvlradersrdkserlqelqralrllerdlsqaalrrsrnee 69
                                   GFTLiE++i+++i +++a +++ v++  +++++  ++++e + +++ a++++ rdl+ a+++++r  +
  THHY002.0321.00001.C001_01294 10 GFTLIELIIVIVITGIVAGILYPVIMYGMKSSKQFNEAKELSLRARLAIERISRDLRYAIPNSIRVHS 77
                                   9************************************************************9998765 PP

>> XAOR001.0321.00001.C001_00877  D ATG TAG 922302 922751 Valid EYR27_RS04585 450 @WP_192807631.1@ EYR27_RS04585 1 92230
   #    score  bias  c-Evalue  i-Evalue hmmfrom  hmm to    alifrom  ali to    envfrom  env to     acc
 ---   ------ ----- --------- --------- ------- -------    ------- -------    ------- -------    ----
   1 !   33.9   0.0     6e-11   1.9e-08       1      41 [.      20      60 ..      20      75 .. 0.89

  Alignments for each domain:
  == domain 1  score: 33.9 bits;  conditional E-value: 6e-11
                      T2SS_gspJ  1 rGFTLiEvliAlailallavaafqvlssvlradersrdkse 41
                                   +GFTLiE++i++ai+++la+ a+ ++   +r ++r ++k++
  XAOR001.0321.00001.C001_00877 20 GGFTLIELMIVVAIVGILAAVAYPSYADHVRKSRRAQAKAD 60
                                   5*******************************999998876 PP

>> PSAV001.0321.00001.C001_00882  D ATG TAA 935774 936172 Valid BKM03_RS04755 399 @WP_019332749.1@ BKM03_RS04755 1 93577
   #    score  bias  c-Evalue  i-Evalue hmmfrom  hmm to    alifrom  ali to    envfrom  env to     acc
 ---   ------ ----- --------- --------- ------- -------    ------- -------    ------- -------    ----
   1 !   34.4   0.5   4.3e-11   1.4e-08       1      50 [.       6      55 ..       6      64 .. 0.80

  Alignments for each domain:
  == domain 1  score: 34.4 bits;  conditional E-value: 4.3e-11
                      T2SS_gspJ  1 rGFTLiEvliAlailallavaafqvlssvlradersrdkserlqelqral 50
                                   rGFTLiE++i++ai+++la+ a+ ++ + ++  +rs  +s   ++ q+ +
  PSAV001.0321.00001.C001_00882  6 RGFTLIELMIVVAIVGILAAVAYPSYTEYVKRTQRSAIASLLAEQTQALE 55
                                   7**************************99999999887665444444443 PP

>> THHY002.0321.00001.C001_01417  C ATG TAA 1540926 1541336 Valid TTHT_RS07090 411 @WP_201327276.1@ TTHT_RS07090 1 15409
   #    score  bias  c-Evalue  i-Evalue hmmfrom  hmm to    alifrom  ali to    envfrom  env to     acc
 ---   ------ ----- --------- --------- ------- -------    ------- -------    ------- -------    ----
   1 !   34.3   0.1   4.6e-11   1.4e-08       1      38 [.       5      42 ..       5      61 .. 0.85

  Alignments for each domain:
  == domain 1  score: 34.3 bits;  conditional E-value: 4.6e-11
                      T2SS_gspJ  1 rGFTLiEvliAlailallavaafqvlssvlradersrd 38
                                   +GFTL+E+++A+aila+ +va+ + +s+ l +  +s++
  THHY002.0321.00001.C001_01417  5 AGFTLVEIMVAVAILAIASVAVLRYFSQSLYSLGKSSA 42
                                   6***********************99998877666655 PP

>> XAOR001.0321.00001.C001_00872  D ATG TGA 915694 916209 Valid EYR27_RS04560 516 @WP_019299928.1@ EYR27_RS04560 1 91569
   #    score  bias  c-Evalue  i-Evalue hmmfrom  hmm to    alifrom  ali to    envfrom  env to     acc
 ---   ------ ----- --------- --------- ------- -------    ------- -------    ------- -------    ----
   1 !   33.4   1.4   8.8e-11   2.8e-08       1      42 [.       7      48 ..       7      60 .. 0.90

  Alignments for each domain:
  == domain 1  score: 33.4 bits;  conditional E-value: 8.8e-11
                      T2SS_gspJ  1 rGFTLiEvliAlailallavaafqvlssvlradersrdkser 42
                                   +GFTL+E++i++++la+l+++af +++ +lr++++ +++ e 
  XAOR001.0321.00001.C001_00872  7 AGFTLVELMITIVVLAILLTIAFPSFRGTLRSNRVASSANET 48
                                   6*******************************9998887765 PP

>> THHY002.0321.00001.C001_00028  D ATG TAA 32193 32579 Valid TTHT_RS00140 387 @WP_201328014.1@ TTHT_RS00140 1 32193 325
   #    score  bias  c-Evalue  i-Evalue hmmfrom  hmm to    alifrom  ali to    envfrom  env to     acc
 ---   ------ ----- --------- --------- ------- -------    ------- -------    ------- -------    ----
   1 !   30.6   1.2   6.6e-10   2.1e-07       1      53 [.       4      55 ..       4     105 .. 0.89

  Alignments for each domain:
  == domain 1  score: 30.6 bits;  conditional E-value: 6.6e-10
                      T2SS_gspJ  1 rGFTLiEvliAlailallavaafqvlssvlradersrdkserlqelqralrll 53
                                   +GFTL+E+l+++a++++la++a  +++ v+ +++r +++ + lq+l  a++l 
  THHY002.0321.00001.C001_00028  4 KGFTLVELLVVVAVIGILAAIAIPAYMGVQ-TRTRREAAVTDLQNLASAMELY 55
                                   7**************************986.6677788888899999998875 PP

>> PSAV001.0321.00001.C001_01021  D ATG TAA 1065006 1065434 Valid BKM03_RS05500 429 @WP_005736082.1@ BKM03_RS05500 1 106
   #    score  bias  c-Evalue  i-Evalue hmmfrom  hmm to    alifrom  ali to    envfrom  env to     acc
 ---   ------ ----- --------- --------- ------- -------    ------- -------    ------- -------    ----
   1 !   28.7   0.6   2.6e-09   8.2e-07       1      28 [.       5      32 ..       5      62 .. 0.87

  Alignments for each domain:
  == domain 1  score: 28.7 bits;  conditional E-value: 2.6e-09
                      T2SS_gspJ  1 rGFTLiEvliAlailallavaafqvlss 28
                                   +GFTLiE++i++ai+++la+ a  +++ 
  PSAV001.0321.00001.C001_01021  5 KGFTLIELMIVVAIVGILAAVAIPAYQD 32
                                   7******************999988874 PP

>> XAOR001.0321.00001.C001_02933  C ATG TAA 3374528 3374941 Valid EYR27_RS15410 414 @WP_019302546.1@ EYR27_RS15410 1 337
   #    score  bias  c-Evalue  i-Evalue hmmfrom  hmm to    alifrom  ali to    envfrom  env to     acc
 ---   ------ ----- --------- --------- ------- -------    ------- -------    ------- -------    ----
   1 !   28.6   0.4   2.7e-09   8.6e-07       1      32 [.       5      36 ..       5      64 .. 0.86

  Alignments for each domain:
  == domain 1  score: 28.6 bits;  conditional E-value: 2.7e-09
                      T2SS_gspJ  1 rGFTLiEvliAlailallavaafqvlssvlra 32
                                   +GFTLiE++i++ai+a+la++a  +++  +  
  XAOR001.0321.00001.C001_02933  5 QGFTLIELMIVVAIIAILAAIALPAYQDYTIR 36
                                   7********************99998865544 PP

>> PSAV001.0321.00001.C001_00876  C ATG TAA 929749 930249 Valid BKM03_RS04725 501 @WP_005740180.1@ BKM03_RS04725 1 92974
   #    score  bias  c-Evalue  i-Evalue hmmfrom  hmm to    alifrom  ali to    envfrom  env to     acc
 ---   ------ ----- --------- --------- ------- -------    ------- -------    ------- -------    ----
   1 !   27.7   0.9   5.1e-09   1.6e-06       1      36 [.       4      39 ..       4      99 .. 0.78

  Alignments for each domain:
  == domain 1  score: 27.7 bits;  conditional E-value: 5.1e-09
                      T2SS_gspJ  1 rGFTLiEvliAlailallavaafqvlssvlraders 36
                                   +GFTLiE+li++a++a+la  a  ++++ +++++  
  PSAV001.0321.00001.C001_00876  4 AGFTLIELLIVVALVAILANVATPSFKQLIDSNRGL 39
                                   6***************************99987543 PP

>> THHY002.0321.00001.C001_00026  C ATG TAA 31001 31453 Valid TTHT_RS00130 453 @WP_201328013.1@ TTHT_RS00130 1 31001 314
   #    score  bias  c-Evalue  i-Evalue hmmfrom  hmm to    alifrom  ali to    envfrom  env to     acc
 ---   ------ ----- --------- --------- ------- -------    ------- -------    ------- -------    ----
   1 !   26.2   0.2   1.5e-08   4.7e-06       1      33 [.       3      35 ..       3      57 .. 0.81

  Alignments for each domain:
  == domain 1  score: 26.2 bits;  conditional E-value: 1.5e-08
                      T2SS_gspJ  1 rGFTLiEvliAlailallavaafqvlssvlrad 33
                                   rGFTLiE+li++ai+++l++++   +  v++ +
  THHY002.0321.00001.C001_00026  3 RGFTLIELLIVVAIIGILSIIVIPGYLGVQTRS 35
                                   7******************99876666555544 PP

>> THHY002.0321.00001.C001_00878  D GTG TAA 958592 959047 Valid TTHT_RS04395 456 @WP_201328824.1@ TTHT_RS04395 1 958592 
   #    score  bias  c-Evalue  i-Evalue hmmfrom  hmm to    alifrom  ali to    envfrom  env to     acc
 ---   ------ ----- --------- --------- ------- -------    ------- -------    ------- -------    ----
   1 !   26.0   0.1   1.7e-08   5.5e-06       1      49 [.       4      51 ..       4      61 .. 0.84

  Alignments for each domain:
  == domain 1  score: 26.0 bits;  conditional E-value: 1.7e-08
                      T2SS_gspJ  1 rGFTLiEvliAlailallavaafqvlssvlradersrdkserlqelqra 49
                                   rGFT iE+l+A +ila+la+a++  l+ +++ +++ + ++  l+e+++a
  THHY002.0321.00001.C001_00878  4 RGFTYIELLVAATILAILASAVVPFLKLTVKRKKEIQLRR-ALREIRTA 51
                                   7**************************9999888877654.45666655 PP

>> PSAV001.0321.00001.C001_00877  D ATG TGA 930381 930863 Valid BKM03_RS04730 483 @WP_003381286.1@ BKM03_RS04730 1 93038
   #    score  bias  c-Evalue  i-Evalue hmmfrom  hmm to    alifrom  ali to    envfrom  env to     acc
 ---   ------ ----- --------- --------- ------- -------    ------- -------    ------- -------    ----
   1 !   25.8   0.2     2e-08   6.4e-06       1      50 [.       6      51 ..       6      65 .. 0.84

  Alignments for each domain:
  == domain 1  score: 25.8 bits;  conditional E-value: 2e-08
                      T2SS_gspJ  1 rGFTLiEvliAlailallavaafqvlssvlradersrdkserlqelqral 50
                                   +GF LiE+l+++ ++++la++a+ ++ s ++++++     ++l +lqral
  PSAV001.0321.00001.C001_00877  6 KGFSLIELLVTVSLVGILAAIAVPSFTSSIQSNKAD----TELSDLQRAL 51
                                   7***************************99977654....5555555554 PP

>> XAOR001.0321.00001.C001_03018  C ATG TGA 3455327 3455743 Valid EYR27_RS15850 417 @WP_019302120.1@ EYR27_RS15850 1 345
   #    score  bias  c-Evalue  i-Evalue hmmfrom  hmm to    alifrom  ali to    envfrom  env to     acc
 ---   ------ ----- --------- --------- ------- -------    ------- -------    ------- -------    ----
   1 !   25.1   0.2   3.5e-08   1.1e-05       1      47 [.       5      51 ..       5      70 .. 0.85

  Alignments for each domain:
  == domain 1  score: 25.1 bits;  conditional E-value: 3.5e-08
                      T2SS_gspJ  1 rGFTLiEvliAlailallavaafqvlssvlradersrdkserlqelq 47
                                   rG+TLiEv++A a+lal ++++ ++ls + r+ ++ ++ ++ + ++q
  XAOR001.0321.00001.C001_03018  5 RGYTLIEVIVAFALLALALSLLLGSLSGAARQVRAADESTRATLHAQ 51
                                   7*************************999999888877665555544 PP

>> XAOR001.0321.00001.C001_00874  D ATG TGA 916679 917845 Valid EYR27_RS04570 1167 @WP_019299929.1@ EYR27_RS04570 1 9166
   #    score  bias  c-Evalue  i-Evalue hmmfrom  hmm to    alifrom  ali to    envfrom  env to     acc
 ---   ------ ----- --------- --------- ------- -------    ------- -------    ------- -------    ----
   1 !   23.3   0.1   1.2e-07   3.9e-05       2      62 ..      13      73 ..      12     100 .. 0.77

  Alignments for each domain:
  == domain 1  score: 23.3 bits;  conditional E-value: 1.2e-07
                      T2SS_gspJ  2 GFTLiEvliAlailallavaafqvlssvlradersrdkserlqelqralrllerdlsqaal 62
                                   G  L+E++iA++i  +l++++ qv+s   +a+   +  ++  ++ + a+ +l+rd+++a  
  XAOR001.0321.00001.C001_00874 13 GISLVEMMIAMVIGLVLMLGVIQVFSASRTASMLAEGSARAQENGRFAMDFLQRDIRMAGH 73
                                   888********9988888888888876666666666666666667889*********9965 PP

>> THHY002.0321.00001.C001_01418  C ATG TAG 1541339 1541788 Valid TTHT_RS07095 450 @WP_201327277.1@ TTHT_RS07095 1 15413
   #    score  bias  c-Evalue  i-Evalue hmmfrom  hmm to    alifrom  ali to    envfrom  env to     acc
 ---   ------ ----- --------- --------- ------- -------    ------- -------    ------- -------    ----
   1 !   23.5   0.1   1.1e-07   3.4e-05       1      39 [.      20      58 ..      20      70 .. 0.88

  Alignments for each domain:
  == domain 1  score: 23.5 bits;  conditional E-value: 1.1e-07
                      T2SS_gspJ  1 rGFTLiEvliAlailallavaafqvlssvlradersrdk 39
                                   +GFTL E++++l i+a++++ ++  +++ +++ +  r+k
  THHY002.0321.00001.C001_01418 20 KGFTLMELMVVLIIIAIMSAVVYPYFKKGMESIKSQREK 58
                                   7***********************999999887666655 PP

>> PSAV001.0321.00001.C001_02326  D ATG TGA 2505129 2505512 Valid BKM03_RS12440 384 @WP_003381181.1@ BKM03_RS12440 1 250
   #    score  bias  c-Evalue  i-Evalue hmmfrom  hmm to    alifrom  ali to    envfrom  env to     acc
 ---   ------ ----- --------- --------- ------- -------    ------- -------    ------- -------    ----
   1 !   23.5   1.8   1.1e-07   3.5e-05       2      55 ..       7      57 ..       6      98 .. 0.64

  Alignments for each domain:
  == domain 1  score: 23.5 bits;  conditional E-value: 1.1e-07
                      T2SS_gspJ  2 GFTLiEvliAlailallavaafqvlssvlradersrdkserlqelq.ralrller 55
                                   GFTL+E+l Al+++a+ +  +  ++ +  r+ + +    +r+ +l  +a +++++
  PSAV001.0321.00001.C001_02326  7 GFTLLEMLAALTVMAVCSGVLLVAFGQSARSLQQV----SRSDRLShAARTIMDQ 57
                                   9************9997766555555444443333....3333332033344555 PP

>> XAOR001.0321.00001.C001_00873  D ATG TGA 916206 916682 Valid pilV 477 @EYR27_RS04565@WP_029217256.1@ EYR27_RS04565 1 
   #    score  bias  c-Evalue  i-Evalue hmmfrom  hmm to    alifrom  ali to    envfrom  env to     acc
 ---   ------ ----- --------- --------- ------- -------    ------- -------    ------- -------    ----
   1 !   23.0   0.1   1.6e-07   4.9e-05       1      54 [.      14      67 ..      14      96 .. 0.70

  Alignments for each domain:
  == domain 1  score: 23.0 bits;  conditional E-value: 1.6e-07
                      T2SS_gspJ  1 rGFTLiEvliAlailallavaafqvlssvl.radersrdkserlqelqralrlle 54
                                   +GF L+EvliA+++la+ +++ f++l++++ r  + s+ +++ ++ +   + +++
  XAOR001.0321.00001.C001_00873 14 KGFSLLEVLIAIVVLAFGLLG-FALLQTANvRFVQSSNYRTQATNLAYDLMDQMR 67
                                   7***************98765.666666531445555545554444444444444 PP

>> THHY002.0321.00001.C001_00025  C GTG TAA 30526 30996 Valid TTHT_RS00125 471 @WP_201328012.1@ TTHT_RS00125 1 30526 309
   #    score  bias  c-Evalue  i-Evalue hmmfrom  hmm to    alifrom  ali to    envfrom  env to     acc
 ---   ------ ----- --------- --------- ------- -------    ------- -------    ------- -------    ----
   1 !   22.9   1.1   1.7e-07   5.3e-05       1      43 [.       5      47 ..       5      62 .. 0.81

  Alignments for each domain:
  == domain 1  score: 22.9 bits;  conditional E-value: 1.7e-07
                      T2SS_gspJ  1 rGFTLiEvliAlailallavaafqvlssvlradersrdkserl 43
                                   +GFTLiE+li++a++ +la++a  ++  v++  +r ++ ++ +
  THHY002.0321.00001.C001_00025  5 KGFTLIELLIVVAVILILAAIAIPAYLGVQERAKRANVVAQAK 47
                                   7*************99999999999999998888777766544 PP

>> THHY002.0321.00001.C001_01419  C ATG TAA 1541730 1542152 Valid gspG 423 @TTHT_RS07100@WP_201327278.1@ TTHT_RS07100 1 
   #    score  bias  c-Evalue  i-Evalue hmmfrom  hmm to    alifrom  ali to    envfrom  env to     acc
 ---   ------ ----- --------- --------- ------- -------    ------- -------    ------- -------    ----
   1 !   23.0   0.2   1.6e-07     5e-05       1      40 [.       6      45 ..       6      57 .. 0.83

  Alignments for each domain:
  == domain 1  score: 23.0 bits;  conditional E-value: 1.6e-07
                      T2SS_gspJ  1 rGFTLiEvliAlailallavaafqvlssvlradersrdks 40
                                   rGFTL+E+++++ i+alla  +   + + ++ ++r+ +k 
  THHY002.0321.00001.C001_01419  6 RGFTLVELMVVMIIIALLAGFVAPKFFKRVDESRRTAAKN 45
                                   7******************999888877777777776655 PP

>> PSAV001.0321.00001.C001_02324  D ATG TAA 2504255 2504686 Valid gspG 432 @BKM03_RS12430@WP_005618920.1@ BKM03_RS12430 
   #    score  bias  c-Evalue  i-Evalue hmmfrom  hmm to    alifrom  ali to    envfrom  env to     acc
 ---   ------ ----- --------- --------- ------- -------    ------- -------    ------- -------    ----
   1 !   22.2   0.2   2.8e-07   8.8e-05       1      25 [.      15      39 ..      15      56 .. 0.90

  Alignments for each domain:
  == domain 1  score: 22.2 bits;  conditional E-value: 2.8e-07
                      T2SS_gspJ  1 rGFTLiEvliAlailallavaafqv 25
                                   +GFTL+E+l ++++l+++a+++++ 
  PSAV001.0321.00001.C001_02324 15 GGFTLLEMLAVIVLLGIVATIVVRQ 39
                                   5*******************99875 PP

>> THHY002.0321.00001.C001_01293  D ATG TAA 1413786 1414298 Valid TTHT_RS06470 513 @WP_201327162.1@ TTHT_RS06470 1 14137
   #    score  bias  c-Evalue  i-Evalue hmmfrom  hmm to    alifrom  ali to    envfrom  env to     acc
 ---   ------ ----- --------- --------- ------- -------    ------- -------    ------- -------    ----
   1 !   22.0   0.3   3.3e-07    0.0001       1      29 [.       4      32 ..       4      52 .. 0.93

  Alignments for each domain:
  == domain 1  score: 22.0 bits;  conditional E-value: 3.3e-07
                      T2SS_gspJ  1 rGFTLiEvliAlailallavaafqvlssv 29
                                   rGFTLiE  i ++i+++ +v++ +v+++v
  THHY002.0321.00001.C001_01293  4 RGFTLIETVISIVIVSVAIVGILSVIYNV 32
                                   7*********************9999887 PP

>> THHY002.0321.00001.C001_01165  D ATG TAA 1268504 1268938 Valid TTHT_RS05830 435 @WP_201327040.1@ TTHT_RS05830 1 12685
   #    score  bias  c-Evalue  i-Evalue hmmfrom  hmm to    alifrom  ali to    envfrom  env to     acc
 ---   ------ ----- --------- --------- ------- -------    ------- -------    ------- -------    ----
   1 !   21.6   2.0   4.2e-07   0.00013       1      35 [.       5      39 ..       5      86 .. 0.81

  Alignments for each domain:
  == domain 1  score: 21.6 bits;  conditional E-value: 4.2e-07
                      T2SS_gspJ  1 rGFTLiEvliAlailallavaafqvlssvlrader 35
                                   +GFTLiE+  +++il++la+ a+  ++ + +   r
  THHY002.0321.00001.C001_01165  5 KGFTLIELVMVIVILGILAAVAMPKYQDMREEALR 39
                                   7******************9999888876554333 PP

>> THHY002.0321.00001.C001_02023  D ATG TGA 2184914 2186026 Valid TTHT_RS10120 1113 @WP_201327862.1@ TTHT_RS10120 1 2184
   #    score  bias  c-Evalue  i-Evalue hmmfrom  hmm to    alifrom  ali to    envfrom  env to     acc
 ---   ------ ----- --------- --------- ------- -------    ------- -------    ------- -------    ----
   1 !   20.2   0.9   1.1e-06   0.00036       1      56 [.      12      67 ..      12      73 .. 0.81

  Alignments for each domain:
  == domain 1  score: 20.2 bits;  conditional E-value: 1.1e-06
                      T2SS_gspJ  1 rGFTLiEvliAlailallavaafqvlssvlradersrdkserlqelqralrllerd 56
                                   +GFTL+E+++ +++  +++ ++++++ s l++ +   +  +   + q+alr l + 
  THHY002.0321.00001.C001_02023 12 KGFTLVELMVGMVVAVIVMGMTYAIFTSQLKLTKTEMSINDLQLNTQTALRYLSKK 67
                                   7***************************9998877666655555667777766655 PP

>> PSAV001.0321.00001.C001_00878  D ATG TGA 930853 931368 Valid pilV 516 @BKM03_RS04735@WP_003381284.1@ BKM03_RS04735 1 
   #    score  bias  c-Evalue  i-Evalue hmmfrom  hmm to    alifrom  ali to    envfrom  env to     acc
 ---   ------ ----- --------- --------- ------- -------    ------- -------    ------- -------    ----
   1 !   20.3   1.9   1.1e-06   0.00034       2      42 ..      11      51 ..      10      92 .. 0.84

  Alignments for each domain:
  == domain 1  score: 20.3 bits;  conditional E-value: 1.1e-06
                      T2SS_gspJ  2 GFTLiEvliAlailallavaafqvlssvlradersrdkser 42
                                   G TLiEvl+ ++ila+ +++a ++  ++l++   s+ +s+ 
  PSAV001.0321.00001.C001_00878 11 GMTLIEVLVSVLILAIGLLGAAAIQLNALKYTDSSTLRSQA 51
                                   99*******************99999999888777766665 PP

>> THHY002.0321.00001.C001_01703  C ATG TAA 1833845 1834354 Valid TTHT_RS08520 510 @WP_201327550.1@ TTHT_RS08520 1 18338
   #    score  bias  c-Evalue  i-Evalue hmmfrom  hmm to    alifrom  ali to    envfrom  env to     acc
 ---   ------ ----- --------- --------- ------- -------    ------- -------    ------- -------    ----
   1 !   20.1   0.0   1.2e-06   0.00039       1      35 [.       4      39 ..       4      56 .. 0.73

  Alignments for each domain:
  == domain 1  score: 20.1 bits;  conditional E-value: 1.2e-06
                      T2SS_gspJ  1 rGFTLiEvliAlailalla.vaafqvlssvlrader 35
                                   +GF L+E+liA++i+ l+  +a+ + l+sv++a+ +
  THHY002.0321.00001.C001_01703  4 KGFSLLEMLIAITIILLIGsIAVPKYLNSVNKARWI 39
                                   7***********998877615666888888887644 PP

>> PSAV001.0321.00001.C001_02325  D ATG TAA 2504695 2505129 Valid BKM03_RS12435 435 @WP_007246056.1@ BKM03_RS12435 1 250
   #    score  bias  c-Evalue  i-Evalue hmmfrom  hmm to    alifrom  ali to    envfrom  env to     acc
 ---   ------ ----- --------- --------- ------- -------    ------- -------    ------- -------    ----
   1 !   19.7   1.9   1.6e-06    0.0005       1      49 [.       8      56 ..       8      64 .. 0.84

  Alignments for each domain:
  == domain 1  score: 19.7 bits;  conditional E-value: 1.6e-06
                      T2SS_gspJ  1 rGFTLiEvliAlailallavaafqvlssvlradersrdkserlqelqra 49
                                   rGFTL E+l++l+++++ + ++   l++ l + ++ r+  +  ++l+++
  PSAV001.0321.00001.C001_02325  8 RGFTLMEMLVVLVLMSIAVGLVGFGLQQGLSTASERRAVGDMVEALRAT 56
                                   7***************988888888888888888888888877777766 PP

>> THHY002.0321.00001.C001_02026  D ATG TAG 2190358 2191056 Valid TTHT_RS10135 699 @WP_201327865.1@ TTHT_RS10135 1 21903
   #    score  bias  c-Evalue  i-Evalue hmmfrom  hmm to    alifrom  ali to    envfrom  env to     acc
 ---   ------ ----- --------- --------- ------- -------    ------- -------    ------- -------    ----
   1 !   19.2   1.6   2.3e-06   0.00072       1      33 [.       9      41 ..       9      55 .. 0.83

  Alignments for each domain:
  == domain 1  score: 19.2 bits;  conditional E-value: 2.3e-06
                      T2SS_gspJ  1 rGFTLiEvliAlailallavaafqvlssvlrad 33
                                   +GF L+E+l+A+a+l +++ aa  ++ + +r  
  THHY002.0321.00001.C001_02026  9 KGFSLVELLVAIAVLIIIMGAAALTVGTSTRDA 41
                                   7**************999999998888776644 PP

>> THHY002.0321.00001.C001_02022  D ATG TAA 2184550 2184942 Valid TTHT_RS10115 393 @WP_201327861.1@ TTHT_RS10115 1 21845
   #    score  bias  c-Evalue  i-Evalue hmmfrom  hmm to    alifrom  ali to    envfrom  env to     acc
 ---   ------ ----- --------- --------- ------- -------    ------- -------    ------- -------    ----
   1 !   18.8   3.7   3.1e-06   0.00098       1      39 [.       5      43 ..       5      96 .. 0.83

  Alignments for each domain:
  == domain 1  score: 18.8 bits;  conditional E-value: 3.1e-06
                      T2SS_gspJ  1 rGFTLiEvliAlailallavaafqvlssvlradersrdk 39
                                   rGF  iE++iA ai+a+ ++a+ ++ ++ + + + s+++
  THHY002.0321.00001.C001_02022  5 RGFSMIELMIAAAIFAFAMLAIAGMSYTSVYLVSSSNSR 43
                                   7****************9999998888777666665554 PP

>> PSAV001.0321.00001.C001_00879  D ATG TGA 931365 932072 Valid BKM03_RS04740 708 @WP_005740181.1@ BKM03_RS04740 1 93136
   #    score  bias  c-Evalue  i-Evalue hmmfrom  hmm to    alifrom  ali to    envfrom  env to     acc
 ---   ------ ----- --------- --------- ------- -------    ------- -------    ------- -------    ----
   1 !   17.6   1.2   7.4e-06    0.0023       1      57 [.       6      62 ..       6      67 .. 0.65

  Alignments for each domain:
  == domain 1  score: 17.6 bits;  conditional E-value: 7.4e-06
                      T2SS_gspJ  1 rGFTLiEvliAlailallavaafqvlssvlradersrdkserlq.elqralrllerdl 57
                                   rGF LiE+++Al++  ++++++ q++  + r    s+++++r+q +++  l+ l +++
  PSAV001.0321.00001.C001_00879  6 RGFGLIEIMVALVLGLVVSLGIIQIFT-ASRGTYQSQNAAARMQeDARFILSKLIQEI 62
                                   7**********9876666777777665.555555555555555504555555555555 PP

>> THHY002.0321.00001.C001_01292  D ATG TAG 1413335 1413796 Valid TTHT_RS06465 462 @WP_201327161.1@ TTHT_RS06465 1 14133
   #    score  bias  c-Evalue  i-Evalue hmmfrom  hmm to    alifrom  ali to    envfrom  env to     acc
 ---   ------ ----- --------- --------- ------- -------    ------- -------    ------- -------    ----
   1 ?   14.2   0.3   8.5e-05     0.027       2      22 ..       6      26 ..       5      43 .. 0.90

  Alignments for each domain:
  == domain 1  score: 14.2 bits;  conditional E-value: 8.5e-05
                      T2SS_gspJ  2 GFTLiEvliAlailallavaa 22
                                   G+TL+E+ i ++il+++  +a
  THHY002.0321.00001.C001_01292  6 GYTLVELVIIIVILSIIGFIA 26
                                   9***************98776 PP

>> THHY002.0321.00001.C001_00220  D ATG TAA 238980 239375 Valid TTHT_RS01100 396 @WP_201328197.1@ TTHT_RS01100 1 238980 
   #    score  bias  c-Evalue  i-Evalue hmmfrom  hmm to    alifrom  ali to    envfrom  env to     acc
 ---   ------ ----- --------- --------- ------- -------    ------- -------    ------- -------    ----
   1 ?   13.3   3.5   0.00017     0.053       1      30 [.       7      36 ..       7      64 .. 0.77

  Alignments for each domain:
  == domain 1  score: 13.3 bits;  conditional E-value: 0.00017
                      T2SS_gspJ  1 rGFTLiEvliAlailallavaafqvlssvl 30
                                   +GFT iE++++++i+ lla+ a+++ ++++
  THHY002.0321.00001.C001_00220  7 KGFTVIELMVVMTIILLLASVAVKINKKAI 36
                                   7******************99999987765 PP

>> XAOR001.0321.00001.C001_00879  C ATG TAA 922928 923470 Valid EYR27_RS04595 543 @WP_019299933.1@ EYR27_RS04595 1 92292
   #    score  bias  c-Evalue  i-Evalue hmmfrom  hmm to    alifrom  ali to    envfrom  env to     acc
 ---   ------ ----- --------- --------- ------- -------    ------- -------    ------- -------    ----
   1 ?   12.3   0.5   0.00034      0.11       1      47 [.      10      56 ..      10      64 .. 0.87

  Alignments for each domain:
  == domain 1  score: 12.3 bits;  conditional E-value: 0.00034
                      T2SS_gspJ  1 rGFTLiEvliAlailallavaafqvlssvlradersrdkserlqelq 47
                                   rG+T + +li++ai+++ a++   +++s ++ ++++++    +++l 
  XAOR001.0321.00001.C001_00879 10 RGYTAVQLLIVMAIVGIGAAIGIPSFKSLIEWQRATTRVHVLTAHLA 56
                                   79******************************999988766666655 PP



Internal pipeline statistics summary:
-------------------------------------
Query model(s):                            1  (92 nodes)
Target sequences:                      10969  (3693442 residues searched)
Passed MSV filter:                       765  (0.069742); expected 219.4 (0.02)
Passed bias filter:                      566  (0.0516); expected 219.4 (0.02)
Passed Vit filter:                       103  (0.0093901); expected 11.0 (0.001)
Passed Fwd filter:                        40  (0.00364664); expected 0.1 (1e-05)
Initial search space (Z):              10969  [actual number of targets]
Domain search space  (domZ):              35  [number of targets reported over threshold]
# CPU time: 0.06u 0.00s 00:00:00.06 Elapsed: 00:00:00.07
# Mc/sec: 4803.92
//
[ok]
