# hmmsearch :: search profile(s) against a sequence database
# HMMER 3.3.2 (Nov 2020); http://hmmer.org/
# Copyright (C) 2020 Howard Hughes Medical Institute.
# Freely distributed under the BSD open source license.
# - - - - - - - - - - - - - - - - - - - - - - - - - - - - - - - - - - - -
# query HMM file:                  /home/bneron/Projects/GEM/macsyfinder/src/macsyfinder/tests/data/models/TFF-SF/profiles/T4bP_pilQ.hmm
# target sequence database:        tests/data/base/gembase_w_slow_genome.fa
# output directed to file:         functional_test_timeout/hmmer_results/T4bP_pilQ.search_hmm.out
# sequence reporting threshold:    E-value <= 0.1
# number of worker threads:        1
# - - - - - - - - - - - - - - - - - - - - - - - - - - - - - - - - - - - -

Query:       T4bP_pilQ  [M=252]
Scores for complete sequences (score includes all domains):
   --- full sequence ---   --- best 1 domain ---    -#dom-
    E-value  score  bias    E-value  score  bias    exp  N  Sequence                      Description
    ------- ------ -----    ------- ------ -----   ---- --  --------                      -----------
    1.3e-38  131.9   0.0    1.8e-38  131.4   0.0    1.2  1  XAOR001.0321.00001.C001_03843  D ATG TGA 4346629 4348446 Valid 
    5.4e-29  100.3   8.8    5.4e-29  100.3   8.8    1.7  2  PSAV001.0321.00001.C001_02332  D ATG TGA 2509049 2511376 Valid 
    5.4e-26   90.5   1.4    5.4e-26   90.5   1.4    2.4  2  XAOR001.0321.00001.C001_03012  C ATG TGA 3448993 3451299 Valid 
    6.5e-25   87.0   0.5      1e-24   86.3   0.5    1.3  1  THHY002.0321.00001.C001_01274  C ATG TGA 1384000 1385466 Valid 
    2.8e-18   65.2   1.9    1.9e-10   39.6   0.0    2.6  3  PSAV001.0321.00001.C001_03020  C ATG TGA 3345897 3347210 Valid 
    1.4e-17   62.9   2.7    3.6e-17   61.6   2.7    1.8  1  THHY002.0321.00001.C001_00211  D ATG TAA 230131 232131 Valid pi
    4.1e-17   61.4   1.4    7.5e-17   60.5   1.4    1.4  1  THHY002.0321.00001.C001_01411  C ATG TAA 1534832 1536880 Valid 
    4.5e-17   61.3   1.0    7.6e-17   60.5   1.0    1.4  1  PSAV001.0321.00001.C001_05040  C ATG TGA 5644280 5646385 Valid 
    1.7e-16   59.4   0.0    2.6e-16   58.8   0.0    1.3  1  PSAV001.0321.00001.C001_01461  D ATG TGA 1555722 1557821 Valid 
    2.8e-12   45.6   0.4    2.8e-11   42.3   0.4    2.1  1  XAOR001.0321.00001.C001_00244  D ATG TAA 232577 234535 Valid EY
    3.4e-11   42.0   3.7      7e-10   37.7   3.7    2.4  1  THHY002.0321.00001.C001_00719  D ATG TGA 785008 786225 Valid TT
    6.2e-11   41.2   0.1    8.5e-07   27.6   0.0    2.1  2  PSAV001.0321.00001.C001_04758  D ATG TGA 5304186 5305436 Valid 
    2.6e-07   29.3   4.6    1.3e-06   27.0   4.6    2.2  2  THHY002.0321.00001.C001_00877  D GTG TGA 956328 958595 Valid TT


Domain annotation for each sequence (and alignments):
>> XAOR001.0321.00001.C001_03843  D ATG TGA 4346629 4348446 Valid sctC 1818 @EYR27_RS20155@WP_053507334.1@ EYR27_RS20155
   #    score  bias  c-Evalue  i-Evalue hmmfrom  hmm to    alifrom  ali to    envfrom  env to     acc
 ---   ------ ----- --------- --------- ------- -------    ------- -------    ------- -------    ----
   1 !  131.4   0.0   2.2e-41   1.8e-38       1     252 []     347     600 ..     347     600 .. 0.92

  Alignments for each domain:
  == domain 1  score: 131.4 bits;  conditional E-value: 2.2e-41
                      T4bP_pilQ   1 PeklkkiaelieklneklkrqvaldvrilsvsekalkqlGvdwslvyknlsas..........isittsfndal..saas 68 
                                    Pe ++ + +li++l++  +++  +d++i+++ ++a+++lGvdw+  +++   +          ++  +s+      +a++
  XAOR001.0321.00001.C001_03843 347 PERMQSYGTLIQQLDNR-PKLLQIDATIIEIRDGAMQDLGVDWRFHSQHTDIQtgdgrggqlgFNGVLSGA--AtdGATT 423
                                    99***************.**************************777777666667777774444444444..3446666 PP

                      T4bP_pilQ  69 .lgasllngakfagssll..inALseqgkvrvvtspkvttlnnrpvpvqvanqkkYissvatttttdvgssttltpgvvt 145
                                     +g++l+++ ++ag++l+  ++AL++ +k++ v sp+v tl+n  v+++++ +++ +++v+++ ++d++         ++
  XAOR001.0321.00001.C001_03843 424 pVGGTLTAVLGDAGRYLMtrVSALETTNKAKIVSSPQVATLDN--VEAVMDHKQQAFVRVSGYASADLY--------NLS 493
                                    7****************99************************..***********************9........*** PP

                      T4bP_pilQ 146 tGfsltvlPkil.ddGriqlqlsvnisdLneldsetsggtviqlPevdsrefnqevvlkeGetlliagyeqnnesssksg 224
                                     G+sl+vlP ++    + q++l+v+i d  +l+     +tv+ +P++ s e+ ++++++eG++lliagy  ++++++ + 
  XAOR001.0321.00001.C001_03843 494 AGVSLRVLPSVVpGSPNGQMRLDVRIED-GQLG----SNTVDGIPVITSSEIKTQAFVNEGQSLLIAGYAYDADETDLNA 568
                                    ************999999**********.5666....99***************************************99 PP

                      T4bP_pilQ 225 vgt....plvlllGGstekqnsrteivilitp 252
                                    v+     pl + l+   +k+ sr ++++l tp
  XAOR001.0321.00001.C001_03843 569 VPGlskiPLLGNLFKHRQKSGSRMQRLFLLTP 600
                                    99888999999999*****************8 PP

>> PSAV001.0321.00001.C001_02332  D ATG TGA 2509049 2511376 Valid gspD 2328 @BKM03_RS12470@WP_005738178.1@ BKM03_RS12470
   #    score  bias  c-Evalue  i-Evalue hmmfrom  hmm to    alifrom  ali to    envfrom  env to     acc
 ---   ------ ----- --------- --------- ------- -------    ------- -------    ------- -------    ----
   1 ?   -3.1   1.0       2.3     2e+03      54      87 ..     447     481 ..     422     482 .. 0.66
   2 !  100.3   8.8   6.5e-32   5.4e-29       1     252 []     484     741 ..     484     741 .. 0.86

  Alignments for each domain:
  == domain 1  score: -3.1 bits;  conditional E-value: 2.3
                      T4bP_pilQ  54 isittsfndalsaas.lgasllngakfagssllin 87 
                                     s ++++  +   ++ l+as+  +a+ ++++ll++
  PSAV001.0321.00001.C001_02332 447 DSSSQDGGGSNASSKsLDASTRITAQKSSNQLLVR 481
                                    34444444444333359999888999999999875 PP

  == domain 2  score: 100.3 bits;  conditional E-value: 6.5e-32
                      T4bP_pilQ   1 PeklkkiaelieklneklkrqvaldvrilsvsekalkqlGvdws..lvyknlsasisitts..fndal..saaslgasll 74 
                                    P++ k+i+++i++l++  + qv ++ ril+vs +   ++Gv+w    ++ n ++ +++t+    + a+  ++a l as+ 
  PSAV001.0321.00001.C001_02332 484 PAQWKEIESAIKRLDNP-PLQVQIETRILEVSLTGELDMGVQWYlgRLAGNSGTTGNVTNTagSQGAIgtGGAAL-ASTD 561
                                    88999************.*************************94423444444466665411456667556667.5665 PP

                      T4bP_pilQ  75 n.gakfagssll..inALseqgkvrvvtspkvttlnnrpvpvqvanqkkYissvatttttdvgssttltpgvvttGfslt 151
                                    +   +f +++l   ++AL+++g ++v+  p++ ++nn+ +++qv+++   is+ ++ t+t++ ++t  +++ v tG+ l 
  PSAV001.0321.00001.C001_02332 562 AfFYSFVSNNLQvaLRALETNGRTQVLSAPSLVVMNNQQAQIQVGDNIP-ISQTSINTNTST-NTTLSSVEYVQTGVILD 639
                                    66788888887777********************************986.677666666666.4666689********** PP

                      T4bP_pilQ 152 vlPkilddGriqlqlsvnisdLneldsetsggtviqlPevdsrefnqevvlkeGetlliagyeqnnesssksgvgt.... 227
                                    v+P+i+ +G + + ++ ++s+    d++t+++     P ++sr+++++v+ ++G+t+l+ g+ ++ + ++ + v+     
  PSAV001.0321.00001.C001_02332 640 VVPRINPGGLVYMDIQQQVSN---ADTNTNNNDANGNPRISSRSVSTQVAAQSGQTVLLGGLIKQDNAETVNAVPYlgri 716
                                    ***********9999999998...77999999999***************************998888888889989999 PP

                      T4bP_pilQ 228 plvlllGGstekqnsrteivilitp 252
                                    p    l+G+t+k++ rte+++litp
  PSAV001.0321.00001.C001_02332 717 PGLRWLFGNTTKSKGRTELIVLITP 741
                                    ************************9 PP

>> XAOR001.0321.00001.C001_03012  C ATG TGA 3448993 3451299 Valid gspD 2307 @EYR27_RS15820@WP_019300519.1@ EYR27_RS15820
   #    score  bias  c-Evalue  i-Evalue hmmfrom  hmm to    alifrom  ali to    envfrom  env to     acc
 ---   ------ ----- --------- --------- ------- -------    ------- -------    ------- -------    ----
   1 ?   -0.8   1.0      0.49   4.1e+02      49      77 ..     388     416 ..     372     443 .. 0.82
   2 !   90.5   1.4   6.4e-29   5.4e-26       1     252 []     461     735 ..     461     735 .. 0.80

  Alignments for each domain:
  == domain 1  score: -0.8 bits;  conditional E-value: 0.49
                      T4bP_pilQ  49 nlsasisittsfndalsaaslgasllnga 77 
                                    ++ + +si  s+  ++s++s+g+s  + +
  XAOR001.0321.00001.C001_03012 388 SGMTGGSIGDSGDGSSSGSSFGGSSGSSG 416
                                    344559999*************9987743 PP

  == domain 2  score: 90.5 bits;  conditional E-value: 6.4e-29
                      T4bP_pilQ   1 PeklkkiaelieklneklkrqvaldvrilsvsekalkqlGvdws...........lvyknlsas..isittsfndal... 64 
                                    P+    i+++iekl++  ++qv +++++ +v+ +   q+Gv+w            +     + s  i++   + +a    
  XAOR001.0321.00001.C001_03012 461 PQAWSSIRDVIEKLDVM-PMQVHIEAQVAEVNLTGKLQYGVNWYfensvnaaadsA-----VNStgIGVGAGLASAAgrn 534
                                    5667789********98.*************************9888776443332.....3334433333333333333 PP

                      T4bP_pilQ  65 ....saaslgasllngakfagssll..inALseqgkvrvvtspkvttlnnrpvpvqvanqkkYissvatttttdvg.sst 137
                                         a+++ +   +   f g+++   i AL+e ++vr ++ p+v ++nn  + ++v+     i+  +t+ +t +g  s 
  XAOR001.0321.00001.C001_03012 535 iwgdIAGKITGEKGAQWTFLGKNAAaiIHALDEVTNVRLLQTPSVFVRNNAEATLNVGSR---IAINSTSINTGLGsDSS 611
                                    233344554333333334555554455***********************9999999988...55666666677774677 PP

                      T4bP_pilQ 138 tltpgvvttGfsltvlPkilddGriqlqlsvnisdL......neldsetsggtviqlPevdsrefnqevvlkeGetllia 211
                                      ++  + tG+ l v P++ +dG++ l +  ++s++       +  ++t++++  ++ ++++r + +e+++++G+t+++a
  XAOR001.0321.00001.C001_03012 612 FSSVQYIDTGVILKVRPRVTKDGMVFLDIVQEVSSPgdrpaaCTSATATVNAAACNV-DINTRRVKTEAAVQSGDTIMLA 690
                                    8899*******************************9888754333378888888888.99******************** PP

                      T4bP_pilQ 212 gyeqnnesssksgvgt....plvlllGGstekqnsrteivilitp 252
                                    g+ ++ +s+ +sg++     p+v++l+Gs+ ++ +r+e+++litp
  XAOR001.0321.00001.C001_03012 691 GLIDDTTSDGSSGIPFlsklPVVGALFGSKSRNSARREVIVLITP 735
                                    ***************999**************************9 PP

>> THHY002.0321.00001.C001_01274  C ATG TGA 1384000 1385466 Valid TTHT_RS06375 1467 @WP_201327144.1@ TTHT_RS06375 1 1384
   #    score  bias  c-Evalue  i-Evalue hmmfrom  hmm to    alifrom  ali to    envfrom  env to     acc
 ---   ------ ----- --------- --------- ------- -------    ------- -------    ------- -------    ----
   1 !   86.3   0.5   1.2e-27     1e-24       1     252 []     193     447 ..     193     447 .. 0.82

  Alignments for each domain:
  == domain 1  score: 86.3 bits;  conditional E-value: 1.2e-27
                      T4bP_pilQ   1 PeklkkiaelieklneklkrqvaldvrilsvsekalkqlGvdws..........lvyknlsasisittsfndalsaaslg 70 
                                    Pe+++ki++++ + ++k ++qv l+  i +v+ +++++lG+ w+              + s+s+s   ++nd+  ++ ++
  THHY002.0321.00001.C001_01274 193 PENIEKIKKIVSQIDVK-PKQVLLESIIAEVTLNDNNKLGIGWQfgedgrirnsWGDTSFSSSGSLNFPLNDVDEGTGFS 271
                                    9****************.**************************777765444322223333366666666666777774 PP

                      T4bP_pilQ  71 asllngakfagssllinALseqgkvrvvtspkvttlnnrpvpvqvanqkkYissvatttttdvgssttltp..gvvttGf 148
                                     +l    +++  ++ +nA ++ +k++ +  pk+ t nn  ++++v + +    sv+t     vg   +l +  +    G+
  THHY002.0321.00001.C001_01274 272 YAL--SVNDDLVKAQLNAYAQANKAKILSHPKIVTYNNHKAEMKVVERRWVQTSVNTNAAVGVG---GLFTnfEERDYGI 346
                                    444..6667777888***********************99999998776433344444444443...44441144567** PP

                      T4bP_pilQ 149 sltvlPkilddGriqlqlsvnisdLneldsetsggtviqlPevdsrefnqevvlkeGetlliagyeqnnesssksgvgt. 227
                                     l v+P+i+++G i+l+++ ++sdL  +d           P   +r++ +++ lk+G+t+++ g+ q++++++++g++  
  THHY002.0321.00001.C001_01274 347 ILKVTPHINENGDIVLEIDQEVSDLIGVD-------NFGNPIAIKRNLTTTILLKNGQTMVLGGLIQEKNKNEDRGIPKv 419
                                    ************************99999.......44568888**********************************99 PP

                      T4bP_pilQ 228 ...plvlllGGstekqnsrteivilitp 252
                                       p  + ++G  e +++rte+++ itp
  THHY002.0321.00001.C001_01274 420 nkiPILKHIFGTGESEKKRTELLLFITP 447
                                    999************************9 PP

>> PSAV001.0321.00001.C001_03020  C ATG TGA 3345897 3347210 Valid BKM03_RS16165 1314 @WP_005738432.1@ BKM03_RS16165 1 33
   #    score  bias  c-Evalue  i-Evalue hmmfrom  hmm to    alifrom  ali to    envfrom  env to     acc
 ---   ------ ----- --------- --------- ------- -------    ------- -------    ------- -------    ----
   1 ?   -1.3   0.1      0.68   5.7e+02      85     120 ..     109     147 ..      82     169 .. 0.65
   2 !   24.4   0.2   9.5e-09     8e-06      17     110 ..     167     263 ..     151     269 .. 0.76
   3 !   39.6   0.0   2.2e-13   1.9e-10     147     252 .]     291     398 ..     289     398 .. 0.95

  Alignments for each domain:
  == domain 1  score: -1.3 bits;  conditional E-value: 0.68
                      T4bP_pilQ  85 l...inALseqgkvrvvtspkvttlnnrpvpvqvanqkk 120
                                    +   ++AL  q ++r  +s++    ++ + +v  a++ +
  PSAV001.0321.00001.C001_03020 109 VtrpLKALHPQSQARINASGSRVIASGSVQDVGEATDLN 147
                                    335688888888888888888777666666665555544 PP

  == domain 2  score: 24.4 bits;  conditional E-value: 9.5e-09
                      T4bP_pilQ  17 klkrqvaldvrilsvsekalkqlGvdwslvyknlsasisitt.sfndal...saas.lgasllngakfagssllinALse 91 
                                      ++qv + vr  +vs ++l  +Gv+w+++ +n+  s++  t  + +a    +a++ ++a+l  +++     ++++AL++
  PSAV001.0321.00001.C001_03020 167 AGSAQVNIRVRFAEVSRSELLRYGVNWNALFNNGTFSFGLLTgGGLAADaagGASNvISAGL--ASGNVNIDAMLEALQS 244
                                    5579*********************************6655504444443334444444444..5555566777****** PP

                      T4bP_pilQ  92 qgkvrvvtspkvttlnnrp 110
                                    +g  +v+++p++t + ++ 
  PSAV001.0321.00001.C001_03020 245 NGVLEVLAEPNITAMTGQT 263
                                    *************998875 PP

  == domain 3  score: 39.6 bits;  conditional E-value: 2.2e-13
                      T4bP_pilQ 147 GfsltvlPkilddGriqlqlsvnisdLneldsetsggtviqlPevdsrefnqevvlkeGetlliagyeqnnesssksgvg 226
                                    G+sl   P +l +Gri lq+  ++s+L +  ++t + +  q+P    r   ++v + +G+t  iag+ q ++s++   v+
  PSAV001.0321.00001.C001_03020 291 GVSLLFSPTLLPNGRIALQVRPEVSSLMS--TSTLDVNGYQVPSFRVRRADTRVEVGSGQTFAIAGLFQRESSQDMDKVP 368
                                    99************************755..66999999**********************************9999999 PP

                      T4bP_pilQ 227 t....plvlllGGstekqnsrteivilitp 252
                                         p  + l++s++ q+++te+vilitp
  PSAV001.0321.00001.C001_03020 369 MlgdmPILGNLFRSKRFQRNETELVILITP 398
                                    99999************************9 PP

>> THHY002.0321.00001.C001_00211  D ATG TAA 230131 232131 Valid pilQ 2001 @TTHT_RS01055@WP_201328188.1@ TTHT_RS01055 1 2
   #    score  bias  c-Evalue  i-Evalue hmmfrom  hmm to    alifrom  ali to    envfrom  env to     acc
 ---   ------ ----- --------- --------- ------- -------    ------- -------    ------- -------    ----
   1 !   61.6   2.7   4.3e-20   3.6e-17       1     252 []     395     662 ..     395     662 .. 0.84

  Alignments for each domain:
  == domain 1  score: 61.6 bits;  conditional E-value: 4.3e-20
                      T4bP_pilQ   1 PeklkkiaelieklneklkrqvaldvrilsvsekalkqlGvdws.........................lvyknlsas.. 53 
                                    P k+  i e+i+ l++  + qv +++ri++ ++  +k++G++w                                  +  
  THHY002.0321.00001.C001_00211 395 PKKIPPILEMIDLLDRA-NTQVLIEARIVETKKVFAKEIGIQWGftgiydsslgtqtgmsfpntirvggT-------Vnp 466
                                    666777889*******9.9***************************999999999999888865555541.......345 PP

                      T4bP_pilQ  54 ........isittsfndal.saaslgasllngakfagssllinALseqgkvrvvtspkvttlnnrpvpvqvanqkkYiss 124
                                            +s    + +a+   +s+g+ l n+ +  +  ++++A++++g  r +  p+v   nn+ + ++         s
  THHY002.0321.00001.C001_00211 467 adgtlgpiGSGYAVNLPAVnTTSSIGLMLGNVLGSFSLDMVLSAMENEGMGRILSRPHVVAQNNKTAVIE---------S 537
                                    555566884444445555537777****************************************555554.........4 PP

                      T4bP_pilQ 125 vatttttdvgssttltpgvvttGfsltvlPkilddGriqlqlsvnisdLneldsetsggtviqlPevdsrefnqevvlke 204
                                     a    ++v +++t+t+  +   + l v+P+i  +G+i++ l+v++ ++        + tv   P++ +r+ n++v +k+
  THHY002.0321.00001.C001_00211 538 GARIPIQTV-QNNTVTVKYINASLKLEVTPQITAEGTIIMDLNVKKEEPD------WTHTVQGNPTIITRNANTQVLVKD 610
                                    444455555.45677999****************************9943......44577778**************** PP

                      T4bP_pilQ 205 Getlliagyeqnnesssksgvgt....plvlllGGstekqnsrteivilitp 252
                                    G t +i g  q n+++s+  v+     pl+  l++ + ++ +++e++i itp
  THHY002.0321.00001.C001_00211 611 GGTTVIGGIFQVNDQNSNDYVPGlrniPLISWLFRHKLESSENNELLIFITP 662
                                    ********8888888888878878999************************9 PP

>> THHY002.0321.00001.C001_01411  C ATG TAA 1534832 1536880 Valid TTHT_RS07060 2049 @WP_201327270.1@ TTHT_RS07060 1 1534
   #    score  bias  c-Evalue  i-Evalue hmmfrom  hmm to    alifrom  ali to    envfrom  env to     acc
 ---   ------ ----- --------- --------- ------- -------    ------- -------    ------- -------    ----
   1 !   60.5   1.4   8.9e-20   7.5e-17       4     252 .]     395     651 ..     393     651 .. 0.88

  Alignments for each domain:
  == domain 1  score: 60.5 bits;  conditional E-value: 8.9e-20
                      T4bP_pilQ   4 lkkiaelieklneklkrqvaldvrilsvsekalkqlGvdwslvyknlsas.isittsfndal.saas..lgaslln.gak 78 
                                    +k i++ ++kl++  k+qv ++v il++   +   +G  w l+ knl +   +  t+  +   + ++  l +s+     +
  THHY002.0321.00001.C001_01411 395 YKIIEKTLKKLDVP-KKQVLIEVMILDLALDNQFSYGFGWALTHKNLLGDvSNLHTPAWQLNyPETKnaLQGSYSFiFDR 473
                                    6779999******9.********************************998777777777666655555688888555556 PP

                      T4bP_pilQ  79 fagssllinALseqgkvrvvtspkvttlnnrpvpvqvanqkkYissvatttttdvgssttltp.......gvvttGfslt 151
                                    f   s+l n  + +  ++v+  p++ +l+n+ + ++v++q    +++ +t  t +g +t ++p         ++tG+ l 
  THHY002.0321.00001.C001_01411 474 FVLDSVL-NSNVMKSRTNVLSTPHILVLDNESATIKVGEQISVRANSVQTPATVTGGTTNVNPfyaansyQYLSTGIQLK 552
                                    6555555.5555667889************************999999999999998888887555555578******** PP

                      T4bP_pilQ 152 vlPkilddGriqlqlsvnisdLneldsetsggtviqlPevdsrefnqevvlkeGetlliagyeqnnesssksgvgt.... 227
                                    v P i ++G + l+++ + s++       + ++  q P ++ r++ + v++ +G+++l+ g+ q+ + +s+s v+     
  THHY002.0321.00001.C001_01411 553 VKPSISSNGVVRLEINQTYSTPG------TPASPEQNPPIKDRSLTTIVNVPDGKSVLLGGLIQESKVDSSSEVPGlnkl 626
                                    ********************943......45688899********************************9999998999* PP

                      T4bP_pilQ 228 plvlllGGstekqnsrteivilitp 252
                                    plv+ l+ ++  +++++e++i+itp
  THHY002.0321.00001.C001_01411 627 PLVKYLFKNKSTSRKKSELIIIITP 651
                                    ************************9 PP

>> PSAV001.0321.00001.C001_05040  C ATG TGA 5644280 5646385 Valid BKM03_RS26980 2106 @WP_005739571.1@ BKM03_RS26980 1 56
   #    score  bias  c-Evalue  i-Evalue hmmfrom  hmm to    alifrom  ali to    envfrom  env to     acc
 ---   ------ ----- --------- --------- ------- -------    ------- -------    ------- -------    ----
   1 !   60.5   1.0   9.1e-20   7.6e-17       3     252 .]     431     689 ..     429     689 .. 0.82

  Alignments for each domain:
  == domain 1  score: 60.5 bits;  conditional E-value: 9.1e-20
                      T4bP_pilQ   3 klkkiaelieklneklkrqvaldvrilsvsekalkqlGvdws..............lvyknlsas.isittsfndalsaa 67 
                                     l+++++++ +l+    rqv++++ri++ +   +kqlGv w                + +n+  + ++ + ++++ ++  
  PSAV001.0321.00001.C001_05040 431 RLDELRRIVSQLDIP-VRQVMIEARIVEANVDYNKQLGVRWGgstntsgsgkwttyGLDNNGD-EaGNTSGNLTSNVPFV 508
                                    567778888888877.8*************************988888888776642223333.2588888888777555 PP

                      T4bP_pilQ  68 slg...asllngakfagssll....inALseqgkvrvvtspkvttlnnrpvpvqvanqkkYissvatttttdvgssttlt 140
                                    +lg   a+   g +f  ++ l    ++A+++ g+ + v +pkv t + + +++  +++  Y  s+++  tt +       
  PSAV001.0321.00001.C001_05040 509 DLGaagATSGIGLGFVTNNTLldleLSAMEKTGNGEIVSQPKVVTSDKETAKILKGTEIPYQESSSSGATTVS------- 581
                                    55410044444888888877768889***********************************766555444444....... PP

                      T4bP_pilQ 141 pgvvttGfsltvlPkilddGriqlqlsvnisdLneldsetsggtviqlPevdsrefnqevvlkeGetlliagyeqnness 220
                                      +    +sl v+P+i  d ri+++++v++ ++  l+      +v  +P ++++e+n +v + +Get++i g   n +s+
  PSAV001.0321.00001.C001_05040 582 --FKEASLSLEVTPQITPDNRIIMEVKVTKDEPDYLN------AVLGVPPIKKNEVNAKVLISDGETIVIGGVFSNTQSK 653
                                    ..556678************************99999......9****************************88877777 PP

                      T4bP_pilQ 221 sksgvgt....plvlllGGstekqnsrteivilitp 252
                                        v+     p  + l++    ++s++e+++  tp
  PSAV001.0321.00001.C001_05040 654 VVDKVPFlgdvPYLGRLFRRDVVSESKSELLVFLTP 689
                                    77767767888999999**************99998 PP

>> PSAV001.0321.00001.C001_01461  D ATG TGA 1555722 1557821 Valid sctC 2100 @BKM03_RS07790@WP_005736330.1@ BKM03_RS07790
   #    score  bias  c-Evalue  i-Evalue hmmfrom  hmm to    alifrom  ali to    envfrom  env to     acc
 ---   ------ ----- --------- --------- ------- -------    ------- -------    ------- -------    ----
   1 !   58.8   0.0   3.1e-19   2.6e-16       1     252 []     300     533 ..     300     533 .. 0.84

  Alignments for each domain:
  == domain 1  score: 58.8 bits;  conditional E-value: 3.1e-19
                      T4bP_pilQ   1 PeklkkiaelieklneklkrqvaldvrilsvsekalkqlGvdwslvyknlsasisittsfndalsaaslgasllngakfa 80 
                                    Pe  +++++l+++l++    ++++d+ il+++ ++l +l   w+ ++ +    ++   +++da   ++l   +   ++ +
  PSAV001.0321.00001.C001_01461 300 PERKAMYQKLVKELDVP-RNLIEIDAVILDIDRNELAELSSRWNFNAGSV---GG-GANLFDAGTSSTL---F--LQNAS 369
                                    788899**********9.99*************************44333...33.3455666555554...3..35566 PP

                      T4bP_pilQ  81 gssllinALseqgkvrvvtspkvttlnnrpvpvqvanqkkYissvatttttdvgssttltpgvvttGfsltvlPkil.dd 159
                                    ++s+ + AL+ +g+++v+ +p++ tl+n+p+ + + + ++Y+   +            +    +t G sl v+P+ l +d
  PSAV001.0321.00001.C001_01461 370 KFSAELHALEGNGSASVIGNPSILTLENQPAVIDLSR-TEYLTATSERA---------ADILPITAGTSLQVIPRSLdND 439
                                    77889*************************9888865.56765433333.........33447**************99* PP

                      T4bP_pilQ 160 GriqlqlsvnisdLneldsetsggtviqlPevdsrefnqevvlkeGetlliagyeqnnesssksgvgt.....plvlllG 234
                                    G+ q+q+ v i d  ++d   +    ++ P v + ++++++v+ e  +l+i g+ + + ++    ++         +ll+
  PSAV001.0321.00001.C001_01461 440 GKPQVQMIVDIED-GQID---VSTINDTQPSVRRGNVSTQAVIAEHGSLVIGGFHGLEANDRIHKIPLlgdipYIGKLLF 515
                                    *************.8888...66667788***************************9999999989888899445689** PP

                      T4bP_pilQ 235 Gstekqnsrteivilitp 252
                                     s  ++ s++e++++ tp
  PSAV001.0321.00001.C001_01461 516 QSRSRELSQRERLFILTP 533
                                    ****************98 PP

>> XAOR001.0321.00001.C001_00244  D ATG TAA 232577 234535 Valid EYR27_RS01240 1959 @WP_019302813.1@ EYR27_RS01240 1 2325
   #    score  bias  c-Evalue  i-Evalue hmmfrom  hmm to    alifrom  ali to    envfrom  env to     acc
 ---   ------ ----- --------- --------- ------- -------    ------- -------    ------- -------    ----
   1 !   42.3   0.4   3.3e-14   2.8e-11       1     252 []     355     642 ..     355     642 .. 0.78

  Alignments for each domain:
  == domain 1  score: 42.3 bits;  conditional E-value: 3.3e-14
                      T4bP_pilQ   1 PeklkkiaelieklneklkrqvaldvrilsvsekalkqlGvdws.................lvyknlsas.......isi 56 
                                    P k+++++eli   ++    qv ++ ri+  +++ +++lG+ +                   +y n sa+       ++ 
  XAOR001.0321.00001.C001_00244 355 PKKVAQMRELISHIDRP-VDQVLIESRIVIATDTFARDLGARFGitgatgrgilsgsldsnTNYLNTSAKraseianGGT 433
                                    78899999999999999.88*************************************99995555555555545553222 PP

                      T4bP_pilQ  57 ttsfndal..saaslgasllngakfags.......sll.........inALseqgkvrvvtspkvttlnnrpvpvqvanq 118
                                    +t + + l  s   l+  l +g++f  +        ll         ++A++++g  +vv +p + t n r   ++ +++
  XAOR001.0321.00001.C001_00244 434 STTLPAHLfpS--GLNVNLGAGGGFTTNtpgglayTLLgsnfnldieLSAMQQEGRGEVVSNPRIVTANQREGVIKQGRE 511
                                    22222222321..222222222222221111111012233333556699******************************* PP

                      T4bP_pilQ 119 kkYissvatttttdvgssttltpgvvttGfsltvlPkilddGriqlqlsvnisdLneldsetsggtviqlPevdsrefnq 198
                                     +Y+  +++     ++    ++   v   + l v+P i +d r+ l+++v++ +   l    +   + ++Pe+++re+n+
  XAOR001.0321.00001.C001_00244 512 IGYVTISGGGAGGGSQ--ANVQFKEVL--LELKVTPTITNDNRVFLNMNVKKDEVARLI---DLPLYGTVPEINRREINT 584
                                    *****99998877774..666666666..8************************98877...56788999********** PP

                      T4bP_pilQ 199 evvlkeGetlliag.yeqnnesssksgvgt...plvlllGGstekqnsrteivilitp 252
                                     v + +Get++i g ye   ++s +++ +    p+ + l+ +  +++++ e+++ +tp
  XAOR001.0321.00001.C001_00244 585 AVLVGDGETVVIGGvYEFTDRESVSKVPFLgdiPFLGNLFKKRGRSKEKAELLVFVTP 642
                                    ************987899999999995554999************************9 PP

>> THHY002.0321.00001.C001_00719  D ATG TGA 785008 786225 Valid TTHT_RS03600 1218 @WP_201328673.1@ TTHT_RS03600 1 785008
   #    score  bias  c-Evalue  i-Evalue hmmfrom  hmm to    alifrom  ali to    envfrom  env to     acc
 ---   ------ ----- --------- --------- ------- -------    ------- -------    ------- -------    ----
   1 !   37.7   3.7   8.3e-13     7e-10      22     252 .]     162     371 ..     147     371 .. 0.74

  Alignments for each domain:
  == domain 1  score: 37.7 bits;  conditional E-value: 8.3e-13
                      T4bP_pilQ  22 valdvrilsvsekalkqlGvdwslvyknlsasisittsfndalsaaslgasllngakfagssllinALseqgkvrvvtsp 101
                                    ++++    +v+++++ ++G++w+   k ls +  ++ +f    + +++ +s++    ++ +   +n ++ +g+++v    
  THHY002.0321.00001.C001_00719 162 IMVEFNFCEVNTNKMGNYGINWNQAIKPLSVE--YAKNF----GTGDVVKSTIG--IVSNFGQALNIMVGNGDAKVYDTH 233
                                    55666666677777777777777655555433..22222....22222222211..122222236788888888888888 PP

                      T4bP_pilQ 102 kvttlnnrpvpvqvanqkkYissvatttttdvgssttltpgvvttGfsltvlPkilddGriqlqlsvnisdLneldsets 181
                                     v+t++++p++  v+ +   +  +++t++t++       +     G  + v+P+i +  ++ ++++ +is+       +s
  THHY002.0321.00001.C001_00719 234 RVITVSGQPAEYFVGGE---FGTRNITQDTSS-------VVWKKYGTQFKVTPEIDSLNNMRIKIDSEISE-------LS 296
                                    99999998887766655...334444444444.......233357*************************9.......45 PP

                      T4bP_pilQ 182 ggtviqlPevdsrefnqevvlkeGetlliagyeqnnesssksgvgt....plvlllGGstekqnsrteivilitp 252
                                    g  v+ +P  ++r++n+ v++keG+t+ + g+ +  +s++ + v+     p+ ++l++s++ qn  t  vi it+
  THHY002.0321.00001.C001_00719 297 GTMVDGIPALNTRKINTVVRIKEGQTIALGGFIKRIKSQDIQKVPGlgsiPVLGALFRSKQYQNGVTDGVIFITA 371
                                    888********************************999999888777889***********************96 PP

>> PSAV001.0321.00001.C001_04758  D ATG TGA 5304186 5305436 Valid BKM03_RS25495 1251 @WP_005736775.1@ BKM03_RS25495 1 53
   #    score  bias  c-Evalue  i-Evalue hmmfrom  hmm to    alifrom  ali to    envfrom  env to     acc
 ---   ------ ----- --------- --------- ------- -------    ------- -------    ------- -------    ----
   1 !   11.5   0.0   8.4e-05     0.071      15     111 ..     127     235 ..     122     240 .. 0.79
   2 !   27.6   0.0     1e-09   8.5e-07     147     252 .]     263     370 ..     253     370 .. 0.87

  Alignments for each domain:
  == domain 1  score: 11.5 bits;  conditional E-value: 8.4e-05
                      T4bP_pilQ  15 neklkrqvaldvrilsvsekalkqlGvdws......lvyknlsas.......isittsfndal.saaslgaslln.gakf 79 
                                    +++l+ qv  d+r ++vs ++lk+  ++                        + +t   ++ + +  +l+ s  n + + 
  PSAV001.0321.00001.C001_04758 127 EAQLPSQVQTDIRFVEVSRTRLKEASISIFgkgsnnF-----LFGapgtvpgVTVTPGTVSGTlPSIPLNNSNFNiVWGG 201
                                    578999********************99764443331.....22245556655555555555546666999999999999 PP

                      T4bP_pilQ  80 agssll..inALseqgkvrvvtspkvttlnnrpv 111
                                     +s++l  +nA++++g +++++ p++  ln++ +
  PSAV001.0321.00001.C001_04758 202 GSSKVLgmLNAMENSGYAYTLARPSLVALNGQSA 235
                                    99999999**********************9865 PP

  == domain 2  score: 27.6 bits;  conditional E-value: 1e-09
                      T4bP_pilQ 147 GfsltvlPkilddGriqlqlsvnisdLneld.setsggtviqlPevdsrefnqevvlkeGetlliagyeqnnesssksgv 225
                                    G+ lt++P i+   ri+l+++ ++s+L   d s+  + +  ++P  + r   ++++l +Ge+ +++g+    +       
  PSAV001.0321.00001.C001_04758 263 GVRLTLTPTIVGRDRILLKVAPEVSEL---DfSAGITIAGTTVPALNIRRTDTSIALADGESFVVSGLISSSNVGAVDKF 339
                                    99************************4...4345667788899*************************987665443333 PP

                      T4bP_pilQ 226 gt....plvlllGGstekqnsrteivilitp 252
                                    +     p  +++++s + q++++e+++++tp
  PSAV001.0321.00001.C001_04758 340 PGlgdiPILGAFFRSSQIQRNERELLMIVTP 370
                                    335669************************9 PP

>> THHY002.0321.00001.C001_00877  D GTG TGA 956328 958595 Valid TTHT_RS04390 2268 @WP_201328823.1@ TTHT_RS04390 1 956328
   #    score  bias  c-Evalue  i-Evalue hmmfrom  hmm to    alifrom  ali to    envfrom  env to     acc
 ---   ------ ----- --------- --------- ------- -------    ------- -------    ------- -------    ----
   1 !   27.0   4.6   1.6e-09   1.3e-06      76     252 .]     357     539 ..     278     539 .. 0.63
   2 ?   -3.8   0.0       3.8   3.2e+03      22      46 ..     614     639 ..     605     649 .. 0.75

  Alignments for each domain:
  == domain 1  score: 27.0 bits;  conditional E-value: 1.6e-09
                      T4bP_pilQ  76 gakfagssllinALseqgkvrvvtspkvttlnn........rpvpvqvanqkkYissvatttttdvg.ssttlt.pgvvt 145
                                    +  fa  +l ++ L++ gk++ v++p++ + ++        + vp+  +  + +   ++t +++ +g   + lt  +   
  THHY002.0321.00001.C001_00877 357 TWMFAIPYLQVDFLKSIGKAKEVANPTLRVSEGekakvligQSVPIATTSFTPFTGISGTNNNSVAGiGGQPLTsYNYQE 436
                                    45555555556666666666666655555444400000000455555444444443333333333333233333034445 PP

                      T4bP_pilQ 146 tGfsltvlPkilddGriqlqlsvnisdLneldsetsggtviqlPevdsrefnqevvlkeGetlliagyeqnnesssksgv 225
                                    +G+ + v P++  +G + l+l+ ++s+   +     ++t  q P++ +r++ + v++k+Get+++ag+ +n e +s +g+
  THHY002.0321.00001.C001_00877 437 VGIKIEVEPRVHHNGDVTLKLKLEVSS---IV----DKTAFQ-PVIGKRTVETVVRVKSGETVMLAGLLKNSERTSLNGI 508
                                    8*************************9...54....556655.*****************************99999999 PP

                      T4bP_pilQ 226 gt....plvlllGGstekqnsrteivilitp 252
                                          p+ + l+ +t k+ ++t i++ itp
  THHY002.0321.00001.C001_00877 509 KGladlPVLKELFSNTSKEVQQTDIMMTITP 539
                                    888999************************9 PP

  == domain 2  score: -3.8 bits;  conditional E-value: 3.8
                      T4bP_pilQ  22 valdvrilsvsek.alkqlGvdwslv 46 
                                    v l+ +i+s s k ++kq G+++s++
  THHY002.0321.00001.C001_00877 614 VSLTPAIVSFSPKrSVKQAGANFSVT 639
                                    67788888888651578999999865 PP



Internal pipeline statistics summary:
-------------------------------------
Query model(s):                            1  (252 nodes)
Target sequences:                      10969  (3693442 residues searched)
Passed MSV filter:                       271  (0.024706); expected 219.4 (0.02)
Passed bias filter:                      212  (0.0193272); expected 219.4 (0.02)
Passed Vit filter:                        22  (0.00200565); expected 11.0 (0.001)
Passed Fwd filter:                        13  (0.00118516); expected 0.1 (1e-05)
Initial search space (Z):              10969  [actual number of targets]
Domain search space  (domZ):              13  [number of targets reported over threshold]
# CPU time: 0.08u 0.00s 00:00:00.08 Elapsed: 00:00:00.09
# Mc/sec: 9483.53
//
[ok]
