# hmmsearch :: search profile(s) against a sequence database
# HMMER 3.1b2 (February 2015); http://hmmer.org/
# Copyright (C) 2015 Howard Hughes Medical Institute.
# Freely distributed under the GNU General Public License (GPLv3).
# - - - - - - - - - - - - - - - - - - - - - - - - - - - - - - - - - - - -
# query HMM file:                  /home/bneron/Projects/GEM/MacSyFinder/MacSyFinder/src/MacSyFinder/tests/data/models/TFF-SF/profiles/Archaeal-T4P_arCOG01829_Pil.hmm
# target sequence database:        /home/bneron/Projects/GEM/MacSyFinder/MacSyFinder/src/MacSyFinder/tests/data/base/gembase.fasta
# output directed to file:         /tmp/macsyfinder_test_gembase/hmmer_results/Archaeal-T4P_arCOG01829_Pil.search_hmm.out
# model-specific thresholding:     GA cutoffs
# number of worker threads:        0
# - - - - - - - - - - - - - - - - - - - - - - - - - - - - - - - - - - - -

Query:       arCOG01829  [M=184]
Scores for complete sequences (score includes all domains):
   --- full sequence ---   --- best 1 domain ---    -#dom-
    E-value  score  bias    E-value  score  bias    exp  N  Sequence             Description
    ------- ------ -----    ------- ------ -----   ---- --  --------             -----------
       0.29   11.7   0.6       0.37   11.3   0.6    1.3  1  GCF_000006925_019210  


Domain annotation for each sequence (and alignments):
>> GCF_000006925_019210  
   #    score  bias  c-Evalue  i-Evalue hmmfrom  hmm to    alifrom  ali to    envfrom  env to     acc
 ---   ------ ----- --------- --------- ------- -------    ------- -------    ------- -------    ----
   1 !   11.3   0.6   1.2e-05      0.37      20      54 ..      61      95 ..      49     179 .. 0.84

  Alignments for each domain:
  == domain 1  score: 11.3 bits;  conditional E-value: 1.2e-05
            arCOG01829 20 AAvaaavlintagflqqkaestgkestqevssgle 54
                          AA+a+a lin +  +q +a+++     q  ss+ +
  GCF_000006925_019210 61 AAIASALLINVGTLTQPRAQAMRAAVEQAKSSQTR 95
                          9*******************998888888887755 PP



Internal pipeline statistics summary:
-------------------------------------
Query model(s):                              1  (184 nodes)
Target sequences:                        30128  (9463607 residues searched)
Passed MSV filter:                      1326  (0.0440122); expected 602.6 (0.02)
Passed bias filter:                     1069  (0.0354819); expected 602.6 (0.02)
Passed Vit filter:                       169  (0.0056094); expected 30.1 (0.001)
Passed Fwd filter:                         1  (3.31917e-05); expected 0.3 (1e-05)
Initial search space (Z):              30128  [actual number of targets]
Domain search space  (domZ):               1  [number of targets reported over threshold]
# CPU time: 0.09u 0.00s 00:00:00.09 Elapsed: 00:00:00.10
# Mc/sec: 17413.04
//
[ok]
