# hmmsearch :: search profile(s) against a sequence database
# HMMER 3.1b2 (February 2015); http://hmmer.org/
# Copyright (C) 2015 Howard Hughes Medical Institute.
# Freely distributed under the GNU General Public License (GPLv3).
# - - - - - - - - - - - - - - - - - - - - - - - - - - - - - - - - - - - -
# query HMM file:                  /home/bneron/Projects/GEM/MacSyFinder/MacSyFinder/src/MacSyFinder/tests/data/models/TFF-SF/profiles/Archaeal-T4P_arCOG06912.hmm
# target sequence database:        /home/bneron/Projects/GEM/MacSyFinder/MacSyFinder/src/MacSyFinder/tests/data/base/gembase.fasta
# output directed to file:         /tmp/macsyfinder_test_gembase/hmmer_results/Archaeal-T4P_arCOG06912.search_hmm.out
# model-specific thresholding:     GA cutoffs
# number of worker threads:        0
# - - - - - - - - - - - - - - - - - - - - - - - - - - - - - - - - - - - -

Query:       arCOG06912  [M=206]
Scores for complete sequences (score includes all domains):
   --- full sequence ---   --- best 1 domain ---    -#dom-
    E-value  score  bias    E-value  score  bias    exp  N  Sequence             Description
    ------- ------ -----    ------- ------ -----   ---- --  --------             -----------
      0.063   13.8   1.1        0.1   13.1   1.1    1.3  1  GCF_000006725_003930  
       0.36   11.3   3.2       0.44   11.0   3.2    1.1  1  GCF_000006765_055300  


Domain annotation for each sequence (and alignments):
>> GCF_000006725_003930  
   #    score  bias  c-Evalue  i-Evalue hmmfrom  hmm to    alifrom  ali to    envfrom  env to     acc
 ---   ------ ----- --------- --------- ------- -------    ------- -------    ------- -------    ----
   1 !   13.1   1.1   6.6e-06       0.1      21      72 ..      17      75 ..      11     113 .. 0.74

  Alignments for each domain:
  == domain 1  score: 13.1 bits;  conditional E-value: 6.6e-06
            arCOG06912 21 lvikPvvtgasaafslditvPdtsptPavtaspiptvs..tatPtptptptke.........l 72
                          ++i P++t +      +itvP     P++ta+p ++ +   a Ptp  +p+ e          
  GCF_000006725_003930 17 IAIAPAITQSAP----NITVPPVKDIPTSTATPLQELGssPASPTPETLPSAEwktpplqpfV 75
                          678999998888....59***99999***********85544456666675555455533333 PP

>> GCF_000006765_055300  
   #    score  bias  c-Evalue  i-Evalue hmmfrom  hmm to    alifrom  ali to    envfrom  env to     acc
 ---   ------ ----- --------- --------- ------- -------    ------- -------    ------- -------    ----
   1 !   11.0   3.2   2.9e-05      0.44      21      76 ..      18      65 ..       5      83 .. 0.76

  Alignments for each domain:
  == domain 1  score: 11.0 bits;  conditional E-value: 2.9e-05
            arCOG06912 21 lvikPvvtgasaafslditvPdtsptPavtaspiptvstatPtptptptkelqpir 76
                           v++P++t ++ a     ++P +s+ P++ +s  p +  ++P  tp p++ +qp r
  GCF_000006765_055300 18 CVVHPPQTSEPPA-----SLPPQSQ-PQPGPSSAPGA--TPPRITPQPQTPAQPSR 65
                          57**********7.....7998888.76666666665..57799999998888765 PP



Internal pipeline statistics summary:
-------------------------------------
Query model(s):                              1  (206 nodes)
Target sequences:                        30128  (9463607 residues searched)
Passed MSV filter:                      1043  (0.034619); expected 602.6 (0.02)
Passed bias filter:                      843  (0.0279806); expected 602.6 (0.02)
Passed Vit filter:                       106  (0.00351832); expected 30.1 (0.001)
Passed Fwd filter:                         3  (9.95751e-05); expected 0.3 (1e-05)
Initial search space (Z):              30128  [actual number of targets]
Domain search space  (domZ):               2  [number of targets reported over threshold]
# CPU time: 0.09u 0.00s 00:00:00.09 Elapsed: 00:00:00.09
# Mc/sec: 21661.14
//
[ok]
