# hmmsearch :: search profile(s) against a sequence database
# HMMER 3.1b2 (February 2015); http://hmmer.org/
# Copyright (C) 2015 Howard Hughes Medical Institute.
# Freely distributed under the GNU General Public License (GPLv3).
# - - - - - - - - - - - - - - - - - - - - - - - - - - - - - - - - - - - -
# query HMM file:                  /home/bneron/Projects/GEM/MacSyFinder/MacSyFinder/src/MacSyFinder/tests/data/models/TFF-SF/profiles/Archaeal-T4P_arCOG02300.hmm
# target sequence database:        /home/bneron/Projects/GEM/MacSyFinder/MacSyFinder/src/MacSyFinder/tests/data/base/gembase.fasta
# output directed to file:         /tmp/macsyfinder_test_gembase/hmmer_results/Archaeal-T4P_arCOG02300.search_hmm.out
# model-specific thresholding:     GA cutoffs
# number of worker threads:        0
# - - - - - - - - - - - - - - - - - - - - - - - - - - - - - - - - - - - -

Query:       arCOG02300  [M=359]
Scores for complete sequences (score includes all domains):
   --- full sequence ---   --- best 1 domain ---    -#dom-
    E-value  score  bias    E-value  score  bias    exp  N  Sequence             Description
    ------- ------ -----    ------- ------ -----   ---- --  --------             -----------
    4.3e-06   27.0  11.8    4.3e-06   27.0  11.8    1.4  1  GCF_000006925_026660  
    0.00016   21.8   4.2    0.00016   21.8   4.2    1.9  1  GCF_000005845_030080  
     0.0022   18.0  10.8     0.0022   18.0  10.8    1.9  1  GCF_000006745_021980  
      0.008   16.2   6.9      0.008   16.2   6.9    1.8  1  GCF_000006725_014570  
     0.0095   16.0  10.5      0.015   15.3  10.5    1.4  1  GCF_000006845_014280  
       0.01   15.9   0.9      0.015   15.3   0.9    1.3  1  GCF_000006945_033450  
       0.17   11.8   8.0       0.38   10.7   8.0    1.6  1  GCF_000006765_044730  
       0.23   11.4   6.2       0.23   11.4   5.0    1.6  1  GCF_000006765_042420  
       0.32   10.9   0.1       0.76    9.7   0.1    1.7  1  GCF_000006745_030980  
       0.49   10.3   7.3       0.38   10.7   4.6    2.1  1  GCF_000005845_026930  
       0.63   10.0   9.2        0.8    9.6   9.2    1.1  1  GCF_000006905_029200  
        1.8    8.5   4.2        2.4    8.1   4.2    1.2  1  GCF_000006905_001830  


Domain annotation for each sequence (and alignments):
>> GCF_000006925_026660  
   #    score  bias  c-Evalue  i-Evalue hmmfrom  hmm to    alifrom  ali to    envfrom  env to     acc
 ---   ------ ----- --------- --------- ------- -------    ------- -------    ------- -------    ----
   1 !   27.0  11.8   1.7e-09   4.3e-06       4     103 ..      17     107 ..      14     129 .. 0.76

  Alignments for each domain:
  == domain 1  score: 27.0 bits;  conditional E-value: 1.7e-09
            arCOG02300   4 iplilglivlilasytDiKtgiIpnkltfpllalgillnlllglksgnilfalsaiiglfvifilgliLyvlggwagGDVklltalsal 92 
                           + l+++ ++li+ s  Di  +iI++++ ++l++l   + l+l l +         +++ ++++++g++L   g+ +gGDVkllt ls  
  GCF_000006925_026660  17 VDLLFVALFLIFISWGDILLRIISHRYLLVLTVL---IFLALILQH-----QKPNLVAAGSVLLVGFFLFSAGIIGGGDVKLLTVLSLA 97 
                           5688999999****************98766655...433333444.....44567888999*************************99 PP

            arCOG02300  93 lpyapelakyv 103
                           +    ela++ 
  GCF_000006925_026660  98 IDEH-ELANFL 107
                           9774.444443 PP

>> GCF_000005845_030080  
   #    score  bias  c-Evalue  i-Evalue hmmfrom  hmm to    alifrom  ali to    envfrom  env to     acc
 ---   ------ ----- --------- --------- ------- -------    ------- -------    ------- -------    ----
   1 !   21.8   4.2   6.3e-08   0.00016       5      91 ..      79     167 ..      75     179 .. 0.79

  Alignments for each domain:
  == domain 1  score: 21.8 bits;  conditional E-value: 6.3e-08
            arCOG02300   5 plilglivlilasytDiKtgiIpnkltfpllalgillnlllglks.gnilfalsaiiglfvifilgliLyv.lggwagGDVklltalsa 91 
                           +l+l + ++++ s+ D++t++ p+klt+pll lg+++n+ +gl+  ++ +++  a  g++     g+ L     g++ GD kll+a +a
  GCF_000005845_030080  79 ALFLYFCFVLTLSVIDFRTQLLPDKLTLPLLWLGLVFNAQYGLIDlHDAVYGAVAGYGVLWCVYWGVWLVChKEGLGYGDFKLLAAAGA 167
                           566677777888*****************************9987788888776666665554444444331389**********9876 PP

>> GCF_000006745_021980  
   #    score  bias  c-Evalue  i-Evalue hmmfrom  hmm to    alifrom  ali to    envfrom  env to     acc
 ---   ------ ----- --------- --------- ------- -------    ------- -------    ------- -------    ----
   1 !   18.0  10.8   8.9e-07    0.0022       4      96 ..     131     226 ..     128     247 .. 0.82

  Alignments for each domain:
  == domain 1  score: 18.0 bits;  conditional E-value: 8.9e-07
            arCOG02300   4 iplilglivlilasytDiKtgiIpnkltfpllalgillnlllgl....ksgnilfalsaiiglfvifilgliLyvlggwagGDVkllta 88 
                           ++l++   vli a++ D+ t + p++lt+pll  gi l+ll g+    +s+ ++ a++++++l +i+ l  +L    g++ GD kll+a
  GCF_000006745_021980 131 VALLFFSYVLIAATFIDFDTLLLPDQLTLPLLWGGIALALL-GFspvsLSDAVIGAMAGYLSLWSIYWLFKLLTGKEGMGYGDFKLLAA 218
                           678888899************************99999554.4422223467788999******************************* PP

            arCOG02300  89 lsallpya 96 
                           l+a l  +
  GCF_000006745_021980 219 LGAWLGWQ 226
                           ***99765 PP

>> GCF_000006725_014570  
   #    score  bias  c-Evalue  i-Evalue hmmfrom  hmm to    alifrom  ali to    envfrom  env to     acc
 ---   ------ ----- --------- --------- ------- -------    ------- -------    ------- -------    ----
   1 !   16.2   6.9   3.2e-06     0.008       6      91 ..     133     219 ..     130     235 .. 0.72

  Alignments for each domain:
  == domain 1  score: 16.2 bits;  conditional E-value: 3.2e-06
            arCOG02300   6 lilglivlilasytDiKtgiIpnkltfpllalgillnlllglksgnilfalsaiiglfvifilgliLyvl...ggwagGDVklltalsa 91 
                           +++  +++ la + D++t++ p++lt++l+ lg++  +   ++ +++  +l a++g ++ +i+  ++ ++    g++ GD k+l+al+a
  GCF_000006725_014570 133 IVFSCFLVALAGI-DLRTRLLPDQLTLMLMWLGLIGSTDNLFMAAKP-ALLGAVVGYLSLWIVAALFKLIfnkEGMGHGDFKMLAALGA 219
                           5566666677665.********************9966555555444.44445555555555544443332229*************87 PP

>> GCF_000006845_014280  
   #    score  bias  c-Evalue  i-Evalue hmmfrom  hmm to    alifrom  ali to    envfrom  env to     acc
 ---   ------ ----- --------- --------- ------- -------    ------- -------    ------- -------    ----
   1 !   15.3  10.5     6e-06     0.015       3      96 ..     131     225 ..     129     248 .. 0.81

  Alignments for each domain:
  == domain 1  score: 15.3 bits;  conditional E-value: 6e-06
            arCOG02300   3 liplilglivlilasytDiKtgiIpnkltfpllalgillnlllglks..gnilfalsaiiglfvifilgliLyvlggwagGDVklltal 89 
                           l +lil+ +++ l+ + D  t++ p+ +t+pl+ lg+++nl  g++   + +l a++++ +l +  ++  +L    g++ GD kl +al
  GCF_000006845_014280 131 LGGLILTAFLISLT-FIDADTQYLPDSMTLPLIWLGLIFNLDGGFVPlqSAVLGAVAGYSSLWLLCAVYKLLTGKTGMGNGDFKLIAAL 218
                           55677777777775.88************************99997643777888899999999999999999999************* PP

            arCOG02300  90 sallpya 96 
                           +a l + 
  GCF_000006845_014280 219 GAWLGIS 225
                           **99763 PP

>> GCF_000006945_033450  
   #    score  bias  c-Evalue  i-Evalue hmmfrom  hmm to    alifrom  ali to    envfrom  env to     acc
 ---   ------ ----- --------- --------- ------- -------    ------- -------    ------- -------    ----
   1 !   15.3   0.9     6e-06     0.015      13      91 ..      15      95 ..       2     112 .. 0.78

  Alignments for each domain:
  == domain 1  score: 15.3 bits;  conditional E-value: 6e-06
            arCOG02300 13 lilasytDiKtgiIpnkltfpllalgillnlllglks..gnilfalsaiiglfvifilgliLyv.lggwagGDVklltalsa 91
                           +l  ++D +tg+ p++ t pll  g+l+  +       + ++ a++++ g+++i+  g+ L +   g++ GDVk l+al+a
  GCF_000006945_033450 15 SLLLGIYDARTGLLPDRFTCPLLWGGLLYHQICLPERlpDALWGAIAGYGGFALIYW-GYRLRYqKEGLGYGDVKYLAALGA 95
                          4555689**********************8776655444566666777777766665.6666551579***********987 PP

>> GCF_000006765_044730  
   #    score  bias  c-Evalue  i-Evalue hmmfrom  hmm to    alifrom  ali to    envfrom  env to     acc
 ---   ------ ----- --------- --------- ------- -------    ------- -------    ------- -------    ----
   1 !   10.7   8.0   0.00015      0.38      15      91 ..     144     222 ..     131     248 .. 0.86

  Alignments for each domain:
  == domain 1  score: 10.7 bits;  conditional E-value: 0.00015
            arCOG02300  15 lasytDiKtgiIpnkltfpllalgillnlllglks..gnilfalsaiiglfvifilgliLyvlggwagGDVklltalsa 91 
                             s  D   ++ p+ l++pll lg++ n +  + s  + ++ a++++++l ++f l  +     g++ GD kll+ l+a
  GCF_000006765_044730 144 AMSLIDADHQLLPDVLVLPLLWLGLIANHFGLFASldDALFGAVFGYLSLWSVFWLFKLVTGKEGMGYGDFKLLAMLGA 222
                           44888999999*******************999987344555899***********9999999***********99876 PP

>> GCF_000006765_042420  
   #    score  bias  c-Evalue  i-Evalue hmmfrom  hmm to    alifrom  ali to    envfrom  env to     acc
 ---   ------ ----- --------- --------- ------- -------    ------- -------    ------- -------    ----
   1 !   11.4   5.0   9.3e-05      0.23      14      91 ..      11      87 ..       3     114 .. 0.73

  Alignments for each domain:
  == domain 1  score: 11.4 bits;  conditional E-value: 9.3e-05
            arCOG02300 14 ilasytDiKtgiIpnkltfpllalgillnlllglksgnilfal..saiiglfvifilgliLyvlggwagGDVklltalsa 91
                           +  y DiK+  ++n l++  +++  ++   l++k+++++ a+  +a+++lf++  l+l  y+lg ++  DVk l+al+ 
  GCF_000006765_042420 11 SVCGYQDIKRLRVSNWLILGGFLISFVY---LYVKESSLTGATvnMAMTALFIGVCLSLPGYLLGRLGAADVKYLAALGL 87
                          5667***************999999998...44555444444311566667777777777799999***********974 PP

>> GCF_000006745_030980  
   #    score  bias  c-Evalue  i-Evalue hmmfrom  hmm to    alifrom  ali to    envfrom  env to     acc
 ---   ------ ----- --------- --------- ------- -------    ------- -------    ------- -------    ----
   1 !    9.7   0.1    0.0003      0.76     231     288 ..      12      70 ..       3     102 .. 0.79

  Alignments for each domain:
  == domain 1  score: 9.7 bits;  conditional E-value: 0.0003
            arCOG02300 231 lvvlyelklilslvkalrkevlsekkkveeLkEGdIlgeiivek.ngevvvdrkdlfer 288
                            ++l e+ + + +v +l +++l+ k +v+eL++ +I ge    k    +++dr+++++ 
  GCF_000006745_030980  12 SASLHEVHISSLVVHTLPEHLLTVKQQVSELRDVEIYGEDPQGKlVVVIETDRQGFITE 70 
                           5789999****************************999876655444555566665554 PP

>> GCF_000005845_026930  
   #    score  bias  c-Evalue  i-Evalue hmmfrom  hmm to    alifrom  ali to    envfrom  env to     acc
 ---   ------ ----- --------- --------- ------- -------    ------- -------    ------- -------    ----
   1 !   10.7   4.6   0.00015      0.38       6      90 ..     129     216 ..     126     239 .. 0.80

  Alignments for each domain:
  == domain 1  score: 10.7 bits;  conditional E-value: 0.00015
            arCOG02300   6 lilglivlilasytDiKtgiIpnkltfpllalgillnlllglksgnilfalsaiiglfvifilgliLyvlg.......gwagGDVkllt 87 
                           +++    li as+ D+  +  p+  t  +l  g++     +  ++++l + +a++g++v+fi  + L ++        +++ GDV+l++
  GCF_000005845_026930 129 VMILSAWLIAASVIDLDHQWLPDVFTQGVLWTGLIA----AWAQQSPLTLQDAVTGVLVGFITFYSLRWIAgivlrkeALGMGDVLLFA 213
                           566777899*************************99....5667888999999999999888766664443122222279********* PP

            arCOG02300  88 als 90 
                           al+
  GCF_000005845_026930 214 ALG 216
                           *96 PP

>> GCF_000006905_029200  
   #    score  bias  c-Evalue  i-Evalue hmmfrom  hmm to    alifrom  ali to    envfrom  env to     acc
 ---   ------ ----- --------- --------- ------- -------    ------- -------    ------- -------    ----
   1 !    9.6   9.2   0.00032       0.8       6     103 ..       9     103 ..       4     118 .. 0.78

  Alignments for each domain:
  == domain 1  score: 9.6 bits;  conditional E-value: 0.00032
            arCOG02300   6 lilglivlilasytDiKtgiIpnkltfpllalgillnlllglksgnilfalsaiiglfv.ifilgliLyvlggwagGDVklltalsall 93 
                           l++   + i+ +  D+ +  Ipn ++++l+a  ++     +l+sg +l  +  ++++++  ++lg+ +   g  +gGD kl++  +  l
  GCF_000006905_029200   9 LLIFPALAIVGALKDLTSYTIPNWISLALIAAFVPA----ALVSGAPLSQIGLCLAVGLgALVLGMGMFAAGWIGGGDGKLFAVCALWL 93 
                           445556789999******************999999....56677777666666666551599***********************999 PP

            arCOG02300  94 pyapelakyv 103
                             + +l+++ 
  GCF_000006905_029200  94 GWPAALTFML 103
                           8876666655 PP

>> GCF_000006905_001830  
   #    score  bias  c-Evalue  i-Evalue hmmfrom  hmm to    alifrom  ali to    envfrom  env to     acc
 ---   ------ ----- --------- --------- ------- -------    ------- -------    ------- -------    ----
   1 !    8.1   4.2   0.00096       2.4       2      92 ..     117     208 ..     116     231 .. 0.84

  Alignments for each domain:
  == domain 1  score: 8.1 bits;  conditional E-value: 0.00096
            arCOG02300   2 eliplilglivlilasytDiKtgiIpnkltfpllalgillnlllglksgnilfalsaiiglfvifilgliLyvl....ggwagGDVkll 86 
                            l++ ++g  +l++a++ D      p++lt+p+ alg++    l++ +  ++  l +    f +++l   Ly++     g++gGD  ll
  GCF_000006905_001830 117 ILLTALMGWSLLLIATI-DTEHLWLPDRLTLPFGALGVIA--TLAIGEVPVWTPLVGAAVGFGGLALIAWLYKTvrgfDGMGGGDPRLL 202
                           67788999999999987.99999****************9..44566666888888888888999999999996333369********* PP

            arCOG02300  87 talsal 92 
                            a++a 
  GCF_000006905_001830 203 GAIGAW 208
                           ***986 PP



Internal pipeline statistics summary:
-------------------------------------
Query model(s):                              1  (359 nodes)
Target sequences:                        30128  (9463607 residues searched)
Passed MSV filter:                      1970  (0.0653877); expected 602.6 (0.02)
Passed bias filter:                      735  (0.0243959); expected 602.6 (0.02)
Passed Vit filter:                       111  (0.00368428); expected 30.1 (0.001)
Passed Fwd filter:                        12  (0.000398301); expected 0.3 (1e-05)
Initial search space (Z):              30128  [actual number of targets]
Domain search space  (domZ):              12  [number of targets reported over threshold]
# CPU time: 0.15u 0.00s 00:00:00.15 Elapsed: 00:00:00.15
# Mc/sec: 22649.57
//
[ok]
