# hmmsearch :: search profile(s) against a sequence database
# HMMER 3.1b2 (February 2015); http://hmmer.org/
# Copyright (C) 2015 Howard Hughes Medical Institute.
# Freely distributed under the GNU General Public License (GPLv3).
# - - - - - - - - - - - - - - - - - - - - - - - - - - - - - - - - - - - -
# query HMM file:                  tests/data/data_set_2/models/set_1/profiles/T4SS_I_traK.hmm
# target sequence database:        tests/data/data_set_2/base/test.fa
# output directed to file:         tests/data/data_set_2/results/hmmer_results/T4SS_I_traK.search_hmm.out
# sequence reporting threshold:    E-value <= 1
# number of worker threads:        0
# - - - - - - - - - - - - - - - - - - - - - - - - - - - - - - - - - - - -

Query:       I_traK  [M=87]
Scores for complete sequences (score includes all domains):
   --- full sequence ---   --- best 1 domain ---    -#dom-
    E-value  score  bias    E-value  score  bias    exp  N  Sequence           Description
    ------- ------ -----    ------- ------ -----   ---- --  --------           -----------
  ------ inclusion threshold ------
       0.04   11.7   0.8      0.072   10.9   0.8    1.4  1  AESU001c01a_014360  


Domain annotation for each sequence (and alignments):
>> AESU001c01a_014360  
   #    score  bias  c-Evalue  i-Evalue hmmfrom  hmm to    alifrom  ali to    envfrom  env to     acc
 ---   ------ ----- --------- --------- ------- -------    ------- -------    ------- -------    ----
   1 ?   10.9   0.8   2.3e-05     0.072      28      77 ..       2      49 ..       1      52 [. 0.86

  Alignments for each domain:
  == domain 1  score: 10.9 bits;  conditional E-value: 2.3e-05
              I_traK 28 lilfafpslttfviaigiilfFsvLallgytlkvlvrrllsllrGkvlsg 77
                        l+l+ + slttf+i ++  +fF + al   t +  ++r+l +l G+ l g
  AESU001c01a_014360  2 LFLVNHISLTTFLITSTTSIFFIIFALQ--TQNMHYKRILLKLSGEALMG 49
                        7899********************9986..66777899999999987765 PP



Internal pipeline statistics summary:
-------------------------------------
Query model(s):                              1  (87 nodes)
Target sequences:                         3140  (1041665 residues searched)
Passed MSV filter:                       233  (0.0742038); expected 62.8 (0.02)
Passed bias filter:                      106  (0.033758); expected 62.8 (0.02)
Passed Vit filter:                        17  (0.00541401); expected 3.1 (0.001)
Passed Fwd filter:                         2  (0.000636943); expected 0.0 (1e-05)
Initial search space (Z):               3140  [actual number of targets]
Domain search space  (domZ):               1  [number of targets reported over threshold]
# CPU time: 0.01u 0.01s 00:00:00.02 Elapsed: 00:00:00.02
# Mc/sec: 4531.24
//
[ok]
