# hmmsearch :: search profile(s) against a sequence database
# HMMER 3.1b2 (February 2015); http://hmmer.org/
# Copyright (C) 2015 Howard Hughes Medical Institute.
# Freely distributed under the GNU General Public License (GPLv3).
# - - - - - - - - - - - - - - - - - - - - - - - - - - - - - - - - - - - -
# query HMM file:                  tests/data/data_set/models/set_1/profiles/Tad_rcpC.hmm
# target sequence database:        tests/data/base/VICH001.B.00001.C001.prt
# output directed to file:         results_1/hmmer_results/Tad_rcpC.search_hmm.out
# model-specific thresholding:     GA cutoffs
# number of worker threads:        0
# - - - - - - - - - - - - - - - - - - - - - - - - - - - - - - - - - - - -

Query:       RcpC  [M=116]
Accession:   PF16976.3
Description: Flp pilus assembly protein RcpC/CpaB
Scores for complete sequences (score includes all domains):
   --- full sequence ---   --- best 1 domain ---    -#dom-
    E-value  score  bias    E-value  score  bias    exp  N  Sequence Description
    ------- ------ -----    ------- ------ -----   ---- --  -------- -----------

   [No hits detected that satisfy reporting thresholds]


Domain annotation for each sequence (and alignments):

   [No targets detected that satisfy reporting thresholds]


Internal pipeline statistics summary:
-------------------------------------
Query model(s):                              1  (116 nodes)
Target sequences:                         2528  (843509 residues searched)
Passed MSV filter:                        97  (0.0383703); expected 50.6 (0.02)
Passed bias filter:                       66  (0.0261076); expected 50.6 (0.02)
Passed Vit filter:                         6  (0.00237342); expected 2.5 (0.001)
Passed Fwd filter:                         2  (0.000791139); expected 0.0 (1e-05)
Initial search space (Z):               2528  [actual number of targets]
Domain search space  (domZ):               0  [number of targets reported over threshold]
# CPU time: 0.01u 0.00s 00:00:00.01 Elapsed: 00:00:00.01
# Mc/sec: 9784.70
//
[ok]
