# hmmsearch :: search profile(s) against a sequence database
# HMMER 3.1b2 (February 2015); http://hmmer.org/
# Copyright (C) 2015 Howard Hughes Medical Institute.
# Freely distributed under the GNU General Public License (GPLv3).
# - - - - - - - - - - - - - - - - - - - - - - - - - - - - - - - - - - - -
# query HMM file:                  /home/bneron/Projects/GEM/macsyfinder/src/macsyfinder/tests/data/functional_tests/models/TXSS_modified/profiles/T4P_pilQ.hmm
# target sequence database:        acav001_T2SS-Ori_T4P-multi.fasta
# output directed to file:         T4P_ordered_linear_multi_loci/hmmer_results/T4P_pilQ.search_hmm.out
# sequence reporting threshold:    E-value <= 1
# number of worker threads:        0
# - - - - - - - - - - - - - - - - - - - - - - - - - - - - - - - - - - - -

Query:       pilQ.tab.seqid  [M=279]
Scores for complete sequences (score includes all domains):
   --- full sequence ---   --- best 1 domain ---    -#dom-
    E-value  score  bias    E-value  score  bias    exp  N  Sequence                   Description
    ------- ------ -----    ------- ------ -----   ---- --  --------                   -----------
    1.5e-88  289.8   4.3    3.5e-88  288.5   4.3    1.7  1  ACAV001.B.00001.C001_00947  
    1.8e-54  177.9   8.8    5.2e-53  173.1   6.0    3.2  3  ACAV001.B.00001.C001_00846  


Domain annotation for each sequence (and alignments):
>> ACAV001.B.00001.C001_00947  
   #    score  bias  c-Evalue  i-Evalue hmmfrom  hmm to    alifrom  ali to    envfrom  env to     acc
 ---   ------ ----- --------- --------- ------- -------    ------- -------    ------- -------    ----
   1 !  288.5   4.3     6e-90   3.5e-88       1     279 []     415     708 ..     415     708 .. 0.94

  Alignments for each domain:
  == domain 1  score: 288.5 bits;  conditional E-value: 6e-90
              pilQ.tab.seqid   1 rtnsLivtdtkekleevralvtqlDipvrqVlievrivevntsfsrslGvkygtadgkaaslnfgksrpnv............ 71 
                                 rtn+L+vtdt+ kleevr+l++ lD+ vrqV+ie+rive++++f rslGv+ g+ad +a++ + g+  ++             
  ACAV001.B.00001.C001_00947 415 RTNQLFVTDTPAKLEEVRQLLSTLDVAVRQVMIEARIVEARDTFGRSLGVRLGGADLRANRGGDGGYSVGGnnrlaigtsynn 497
                                 8******************************************************9888888777766555567888999999 PP

              pilQ.tab.seqid  72 .......stpitgnatasssvkidlptgavtgtnsgttaftlgtatasirlelelsaleqegnakiladpklvvadnqtAkie 147
                                           ++ +  a++s++++lp+    g+  g +a tl++++a+  l lelsa+e++g++k++++p+l++ad+ +A ie
  ACAV001.B.00001.C001_00947 498 avassggGGTVATGSDAAGSTFVNLPAALSSGASFGNFALTLFNSAANRFLTLELSAMEADGQGKVVSSPRLITADQTKALIE 580
                                 99988875666666777788999999966669999************************************************ PP

              pilQ.tab.seqid 148 sgeevpireivnsaaetvsfkkarlsLevtpqitddgnillevkvkkdasiavsaggsqqiplistkevntkvlvkdGeTvvl 230
                                 +g+e p++ +  ++a+t++fkka+l+Levtpqit++gni+l+ +v+kd   +++++++q++ +i t++v+t+vlv++G+Tvv+
  ACAV001.B.00001.C001_00947 581 QGTEYPYSVTAPNGATTIAFKKAVLKLEVTPQITPEGNIILDLDVNKD---SKGETTTQGV-AIDTNHVKTQVLVENGGTVVI 659
                                 ************************************************...9999999999.********************* PP

              pilQ.tab.seqid 231 gGiyseeertsvskvPlLgdiPliGeLFkstnktdqrnEllvflTpril 279
                                 gGi+  ee ++ +k+PlLgd+P++G+LFk+++++++++E+lvf+Tp+++
  ACAV001.B.00001.C001_00947 660 GGIFRLEETNQENKIPLLGDVPVVGNLFKNRTRESTKREMLVFITPKVI 708
                                 ***********************************************96 PP

>> ACAV001.B.00001.C001_00846  
   #    score  bias  c-Evalue  i-Evalue hmmfrom  hmm to    alifrom  ali to    envfrom  env to     acc
 ---   ------ ----- --------- --------- ------- -------    ------- -------    ------- -------    ----
   1 !    2.6   0.1    0.0086       0.5       3      28 ..     184     209 ..     183     216 .. 0.92
   2 ?    0.6   0.0     0.035         2       1      26 [.     271     297 ..     271     399 .. 0.79
   3 !  173.1   6.0   8.9e-55   5.2e-53       2     278 ..     415     706 ..     414     707 .. 0.92

  Alignments for each domain:
  == domain 1  score: 2.6 bits;  conditional E-value: 0.0086
              pilQ.tab.seqid   3 nsLivtdtkekleevralvtqlDipv 28 
                                 nsL+vtd  ++l+++ ++v  +D+ +
  ACAV001.B.00001.C001_00846 184 NSLVVTDYADNLQRIARIVAAMDVSN 209
                                 9**********************975 PP

  == domain 2  score: 0.6 bits;  conditional E-value: 0.035
              pilQ.tab.seqid   1 rtnsLivtd.tkekleevralvtqlDi 26 
                                 r nsLiv    + +l+ vr lv++lD+
  ACAV001.B.00001.C001_00846 271 RSNSLIVRAaNPARLALVRTLVDKLDQ 297
                                 789999975157899**********97 PP

  == domain 3  score: 173.1 bits;  conditional E-value: 8.9e-55
              pilQ.tab.seqid   2 tnsLivtdtkekleevralvtqlDipvrqVlievrivevntsfsrslGvkygtadgkaaslnfgksrpnvstpitgnatasss 84 
                                 tnsLi++ ++ +  ++ra+++qlD ++ qVl+e+ ivev  +   ++G+++ ++ g+  +  +g +++n+s ++tg++    +
  ACAV001.B.00001.C001_00846 415 TNSLIISAPEPQFRQLRAVIDQLDGRRAQVLVESLIVEVSANKVAEFGIQWQGVMGNYGNGTIGVIGTNSSASTTGGNANILN 497
                                 9****************************************************999999999***************999999 PP

              pilQ.tab.seqid  85 vkidlptgavtgtns.......gttaftlgtatasirlelelsaleqegnakiladpklvvadnqtAkiesgeevp.....ir 155
                                 ++    tg +t++ s       g +   + ++ ++  l +  ++le++g a +l+ p+l+++dn++A+i  g++vp     + 
  ACAV001.B.00001.C001_00846 498 LALAAATGNATSIASsasglgkGLNVAIAPRINGNYYLGALANFLENTGDANVLSTPNLMTLDNEEAQIIIGNNVPfvtgsYA 580
                                 9999988888855554667766777777778888889***************************************8888877 PP

              pilQ.tab.seqid 156 eiv....nsaaetvsfkkarlsLevtpqitddgnillevkvkkdasiavsaggsqqiplistkevntkvlvkdGeTvvlgGiy 234
                                 +++     +  +tv+ k+++l L v+pqi+++g + l+   + + +++ ++ ++ + p+ s+++++++vlv+dG+ +vlgG++
  ACAV001.B.00001.C001_00846 581 NTTgsstVNPFTTVERKDVGLMLRVRPQINENGTVKLSLYQEVS-QVNDGTANAVNGPTTSKRSIESTVLVNDGNVIVLGGLL 662
                                 7774433344579**************************98888.99****9999999************************* PP

              pilQ.tab.seqid 235 seeertsvskvPlLgdiPliGeLFkstnktdqrnEllvflTpri 278
                                 +++ +  ++kvPl+gd+P++G LF+++n+  q++ l+vfl p +
  ACAV001.B.00001.C001_00846 663 EDRYSMGQDKVPLMGDLPVVGGLFRNENRRRQKTNLMVFLRPVV 706
                                 ****************************************9976 PP



Internal pipeline statistics summary:
-------------------------------------
Query model(s):                              1  (279 nodes)
Target sequences:                          116  (38011 residues searched)
Passed MSV filter:                         6  (0.0517241); expected 2.3 (0.02)
Passed bias filter:                        6  (0.0517241); expected 2.3 (0.02)
Passed Vit filter:                         2  (0.0172414); expected 0.1 (0.001)
Passed Fwd filter:                         2  (0.0172414); expected 0.0 (1e-05)
Initial search space (Z):                116  [actual number of targets]
Domain search space  (domZ):               2  [number of targets reported over threshold]
# CPU time: 0.00u 0.00s 00:00:00.00 Elapsed: 00:00:00.00
# Mc/sec: inf
//
[ok]
